================ EDGE-TRAFFIC START 2026-09-08T01:55:21+09:00 arm=normal cases=[0:100] cycles=1 warm=20s meas=60s (1台固定/HPA無し/枠はマニフェストのまま) ================
---- deploy normal (1台固定, HPA無し, 枠はマニフェストのまま) ----
  adservice=1/1   cartservice=1/1   checkoutservice=1/1   currencyservice=1/1   emailservice=1/1   frontend=1/1   paymentservice=1/1   productcatalogservice=1/1   recommendationservice=1/1   redis-cart=1/1   shippingservice=1/1 
################ CYCLE 1 / 1 2026-09-08T01:56:02+09:00 ################
==== [cyc1] 購入=0周/秒 閲覧=100周/秒 2026-09-08T01:56:02+09:00 ====
================ EDGE-TRAFFIC START 2026-09-08T01:57:32+09:00 arm=normal cases=[0:100] cycles=1 warm=20s meas=60s (1台固定/HPA無し/枠はマニフェストのまま) ================
---- deploy normal (1台固定, HPA無し, 枠はマニフェストのまま) ----
  adservice=1/1   cartservice=1/1   checkoutservice=1/1   currencyservice=1/1   emailservice=1/1   frontend=1/1   paymentservice=1/1   productcatalogservice=1/1   recommendationservice=1/1   redis-cart=1/1   shippingservice=1/1 
################ CYCLE 1 / 1 2026-09-08T01:58:11+09:00 ################
==== [cyc1] 購入=0周/秒 閲覧=100周/秒 2026-09-08T01:58:11+09:00 ====
  -> 購入=0.0/0 閲覧=100.0/100 | 名前空間の受信 52.7 MB / 送信 103.8 MB | Pod 11個 | 1リクエストあたり受信 8.57 KB
     adservice                受信     1.06 MB (     9691 pkt)  送信     1.33 MB (     9611 pkt)
     cartservice              受信     1.90 MB (    18085 pkt)  送信     2.07 MB (    18066 pkt)
     checkoutservice          受信     0.02 MB (      181 pkt)  送信     0.04 MB (      134 pkt)
     currencyservice          受信     2.63 MB (    26921 pkt)  送信     3.52 MB (    26960 pkt)
     emailservice             受信     0.01 MB (      129 pkt)  送信     0.01 MB (       96 pkt)
     frontend                 受信    26.21 MB (   205954 pkt)  送信    67.54 MB (   196411 pkt)
     paymentservice           受信     0.01 MB (      121 pkt)  送信     0.01 MB (       92 pkt)
     productcatalogservice    受信    12.92 MB (   139796 pkt)  送信    26.23 MB (   140816 pkt)
     recommendationservice    受信     6.94 MB (    20617 pkt)  送信     2.47 MB (    22350 pkt)
     redis-cart               受信     0.95 MB (     6102 pkt)  送信     0.51 MB (     6050 pkt)
     shippingservice          受信     0.02 MB (      241 pkt)  送信     0.02 MB (      193 pkt)
================ EDGE-TRAFFIC DONE 2026-09-08T02:00:01+09:00 ================
