================ START 2026-06-30T00:38:58+09:00 ns=exp cycles=3 warmup=3m measure=5m ================
---- deploy NORMAL (分離・Istio無し) ----
deployment.apps "megapod" deleted
service "frontend" deleted
service "frontend-external" deleted
service "checkoutservice" deleted
deployment.apps/frontend created
service/frontend created
service/frontend-external created
serviceaccount/frontend created
deployment.apps/checkoutservice created
service/checkoutservice created
serviceaccount/checkoutservice created
deployment.apps/cartservice created
service/cartservice created
serviceaccount/cartservice created
deployment.apps/redis-cart created
service/redis-cart created
deployment.apps/productcatalogservice created
service/productcatalogservice created
serviceaccount/productcatalogservice created
deployment.apps/currencyservice created
service/currencyservice created
serviceaccount/currencyservice created
deployment.apps/paymentservice created
service/paymentservice created
serviceaccount/paymentservice created
deployment.apps/shippingservice created
service/shippingservice created
serviceaccount/shippingservice created
deployment.apps/emailservice created
service/emailservice created
serviceaccount/emailservice created
deployment.apps/recommendationservice created
service/recommendationservice created
serviceaccount/recommendationservice created
deployment.apps/adservice created
service/adservice created
serviceaccount/adservice created
deployment.apps/checkoutservice patched
deployment.apps/paymentservice patched
deployment.apps/emailservice patched
Waiting for deployment "frontend" rollout to finish: 0 of 1 updated replicas are available...
deployment "frontend" successfully rolled out
deployment "checkoutservice" successfully rolled out
Waiting for deployment "cartservice" rollout to finish: 0 of 1 updated replicas are available...
deployment "cartservice" successfully rolled out
deployment "redis-cart" successfully rolled out
deployment "productcatalogservice" successfully rolled out
deployment "currencyservice" successfully rolled out
deployment "paymentservice" successfully rolled out
deployment "shippingservice" successfully rolled out
deployment "emailservice" successfully rolled out
deployment "recommendationservice" successfully rolled out
Waiting for deployment "adservice" rollout to finish: 0 of 1 updated replicas are available...
deployment "adservice" successfully rolled out
---- 2026-06-30T00:39:38+09:00 cycle 1 arm=normal ウォームアップ (負荷 3m) ----
job.batch/loadgenerator created
serviceaccount/loadgenerator unchanged
  2026-06-30T00:39:44+09:00 loadgen pod=loadgenerator-k59cq main開始=2026-06-29T15:39:41Z
  2026-06-30T00:42:42+09:00 負荷完了・マーカー検出(試行 35)
  ウォームアップ完了(結果は捨てる)
---- 2026-06-30T00:42:42+09:00 arm=normal アイドル基線測定 (ウォームアップ後の温まったアイドル: ドレイン 30s + 窓 2m) ----
  2026-06-30T00:45:13+09:00 base: node=0.7194444444444439 app=0.018391028496528867 softirq=0.005555555555555496 system=0.20844444444444407 cores (無負荷)
---- 2026-06-30T00:45:13+09:00 cycle 1 arm=normal 本計測 (負荷 5m) ----
job.batch/loadgenerator created
serviceaccount/loadgenerator unchanged
  2026-06-30T00:45:19+09:00 loadgen pod=loadgenerator-pjhbp main開始=2026-06-29T15:45:15Z
  2026-06-30T00:50:19+09:00 負荷完了・マーカー検出(試行 58)
  2026-06-30T00:50:19+09:00 CPU: node=4.11125925925926 app=2.7450871624294733 softirq=0.25303703703703706 system=0.8826296296296295 cores (window=5m) / base softirq=0.005555555555555496 system=0.20844444444444407
  -> 記録: 1,normal,62293,0,48,150,660,76.71026583744582,208.0531875863022,4.11125925925926,2.7450871624294733,0.7194444444444439,0.018391028496528867,16.303,13.106,3.197,0.25303703703703706,0.8826296296296295,0.005555555555555496,0.20844444444444407,1.19,3.24
---- deploy MEGA (全部入り) ----
deployment.apps "frontend" deleted
service "frontend" deleted
service "frontend-external" deleted
serviceaccount "frontend" deleted
deployment.apps "checkoutservice" deleted
service "checkoutservice" deleted
serviceaccount "checkoutservice" deleted
deployment.apps "cartservice" deleted
service "cartservice" deleted
serviceaccount "cartservice" deleted
deployment.apps "redis-cart" deleted
service "redis-cart" deleted
deployment.apps "productcatalogservice" deleted
service "productcatalogservice" deleted
serviceaccount "productcatalogservice" deleted
deployment.apps "currencyservice" deleted
service "currencyservice" deleted
serviceaccount "currencyservice" deleted
deployment.apps "paymentservice" deleted
service "paymentservice" deleted
serviceaccount "paymentservice" deleted
deployment.apps "shippingservice" deleted
service "shippingservice" deleted
serviceaccount "shippingservice" deleted
deployment.apps "emailservice" deleted
service "emailservice" deleted
serviceaccount "emailservice" deleted
deployment.apps "recommendationservice" deleted
service "recommendationservice" deleted
serviceaccount "recommendationservice" deleted
deployment.apps "adservice" deleted
service "adservice" deleted
serviceaccount "adservice" deleted
deployment.apps/megapod created
service/frontend created
service/frontend-external created
service/checkoutservice created
Waiting for deployment "megapod" rollout to finish: 0 of 1 updated replicas are available...
deployment "megapod" successfully rolled out
---- 2026-06-30T00:50:47+09:00 cycle 1 arm=mega ウォームアップ (負荷 3m) ----
job.batch/loadgenerator created
serviceaccount/loadgenerator unchanged
  2026-06-30T00:50:53+09:00 loadgen pod=loadgenerator-g9bh7 main開始=2026-06-29T15:50:50Z
  2026-06-30T00:53:51+09:00 負荷完了・マーカー検出(試行 35)
  ウォームアップ完了(結果は捨てる)
---- 2026-06-30T00:53:51+09:00 arm=mega アイドル基線測定 (ウォームアップ後の温まったアイドル: ドレイン 30s + 窓 2m) ----
  2026-06-30T00:56:22+09:00 base: node=0.687555555555553 app=0.01861786756655976 softirq=0.004888888888888883 system=0.19822222222222208 cores (無負荷)
---- 2026-06-30T00:56:22+09:00 cycle 1 arm=mega 本計測 (負荷 5m) ----
job.batch/loadgenerator created
serviceaccount/loadgenerator unchanged
  2026-06-30T00:56:28+09:00 loadgen pod=loadgenerator-9lsf5 main開始=2026-06-29T15:56:24Z
  2026-06-30T01:01:27+09:00 負荷完了・マーカー検出(試行 58)
  2026-06-30T01:01:28+09:00 CPU: node=3.612518518518519 app=2.5429043638448787 softirq=0.1215185185185185 system=0.8223333333333337 cores (window=5m) / base softirq=0.004888888888888883 system=0.19822222222222208
  -> 記録: 1,mega,62345,0,35,110,620,59.19905286629032,208.30224937414883,3.612518518518519,2.5429043638448787,0.687555555555553,0.01861786756655976,14.042,12.118,1.924,0.1215185185185185,0.8223333333333337,0.004888888888888883,0.19822222222222208,0.56,2.996
---- deploy NORMAL (分離・Istio無し) ----
deployment.apps "megapod" deleted
service "frontend" deleted
service "frontend-external" deleted
service "checkoutservice" deleted
deployment.apps/frontend created
service/frontend created
service/frontend-external created
serviceaccount/frontend created
deployment.apps/checkoutservice created
service/checkoutservice created
serviceaccount/checkoutservice created
deployment.apps/cartservice created
service/cartservice created
serviceaccount/cartservice created
deployment.apps/redis-cart created
service/redis-cart created
deployment.apps/productcatalogservice created
service/productcatalogservice created
serviceaccount/productcatalogservice created
deployment.apps/currencyservice created
service/currencyservice created
serviceaccount/currencyservice created
deployment.apps/paymentservice created
service/paymentservice created
serviceaccount/paymentservice created
deployment.apps/shippingservice created
service/shippingservice created
serviceaccount/shippingservice created
deployment.apps/emailservice created
service/emailservice created
serviceaccount/emailservice created
deployment.apps/recommendationservice created
service/recommendationservice created
serviceaccount/recommendationservice created
deployment.apps/adservice created
service/adservice created
serviceaccount/adservice created
deployment.apps/checkoutservice patched
deployment.apps/paymentservice patched
deployment.apps/emailservice patched
Waiting for deployment "frontend" rollout to finish: 0 of 1 updated replicas are available...
deployment "frontend" successfully rolled out
deployment "checkoutservice" successfully rolled out
Waiting for deployment "cartservice" rollout to finish: 0 of 1 updated replicas are available...
deployment "cartservice" successfully rolled out
deployment "redis-cart" successfully rolled out
deployment "productcatalogservice" successfully rolled out
deployment "currencyservice" successfully rolled out
deployment "paymentservice" successfully rolled out
deployment "shippingservice" successfully rolled out
deployment "emailservice" successfully rolled out
deployment "recommendationservice" successfully rolled out
Waiting for deployment "adservice" rollout to finish: 0 of 1 updated replicas are available...
deployment "adservice" successfully rolled out
---- 2026-06-30T01:02:04+09:00 cycle 2 arm=normal ウォームアップ (負荷 3m) ----
job.batch/loadgenerator created
serviceaccount/loadgenerator unchanged
  2026-06-30T01:02:10+09:00 loadgen pod=loadgenerator-bmn98 main開始=2026-06-29T16:02:06Z
  2026-06-30T01:05:08+09:00 負荷完了・マーカー検出(試行 35)
  ウォームアップ完了(結果は捨てる)
---- 2026-06-30T01:05:08+09:00 arm=normal アイドル基線測定 (ウォームアップ後の温まったアイドル: ドレイン 30s + 窓 2m) ----
  2026-06-30T01:07:39+09:00 base: node=0.644777777777776 app=0.01823733269571136 softirq=0.005777777777777792 system=0.19622222222222263 cores (無負荷)
---- 2026-06-30T01:07:39+09:00 cycle 2 arm=normal 本計測 (負荷 5m) ----
job.batch/loadgenerator created
serviceaccount/loadgenerator unchanged
  2026-06-30T01:07:45+09:00 loadgen pod=loadgenerator-dds7m main開始=2026-06-29T16:07:42Z
  2026-06-30T01:12:44+09:00 負荷完了・マーカー検出(試行 58)
  2026-06-30T01:12:45+09:00 CPU: node=3.8355925925925938 app=2.7162564445518123 softirq=0.24396296296296296 system=0.8410370370370375 cores (window=5m) / base softirq=0.005777777777777792 system=0.19622222222222263
  -> 記録: 2,normal,61997,0,51,150,740,81.82513830127077,207.07536057037845,3.8355925925925938,2.7162564445518123,0.644777777777776,0.01823733269571136,15.409,13.029,2.38,0.24396296296296296,0.8410370370370375,0.005777777777777792,0.19622222222222263,1.15,3.114
---- deploy MEGA (全部入り) ----
deployment.apps "frontend" deleted
service "frontend" deleted
service "frontend-external" deleted
serviceaccount "frontend" deleted
deployment.apps "checkoutservice" deleted
service "checkoutservice" deleted
serviceaccount "checkoutservice" deleted
deployment.apps "cartservice" deleted
service "cartservice" deleted
serviceaccount "cartservice" deleted
deployment.apps "redis-cart" deleted
service "redis-cart" deleted
deployment.apps "productcatalogservice" deleted
service "productcatalogservice" deleted
serviceaccount "productcatalogservice" deleted
deployment.apps "currencyservice" deleted
service "currencyservice" deleted
serviceaccount "currencyservice" deleted
deployment.apps "paymentservice" deleted
service "paymentservice" deleted
serviceaccount "paymentservice" deleted
deployment.apps "shippingservice" deleted
service "shippingservice" deleted
serviceaccount "shippingservice" deleted
deployment.apps "emailservice" deleted
service "emailservice" deleted
serviceaccount "emailservice" deleted
deployment.apps "recommendationservice" deleted
service "recommendationservice" deleted
serviceaccount "recommendationservice" deleted
deployment.apps "adservice" deleted
service "adservice" deleted
serviceaccount "adservice" deleted
deployment.apps/megapod created
service/frontend created
service/frontend-external created
service/checkoutservice created
Waiting for deployment "megapod" rollout to finish: 0 of 1 updated replicas are available...
deployment "megapod" successfully rolled out
---- 2026-06-30T01:13:12+09:00 cycle 2 arm=mega ウォームアップ (負荷 3m) ----
job.batch/loadgenerator created
serviceaccount/loadgenerator unchanged
  2026-06-30T01:13:18+09:00 loadgen pod=loadgenerator-58tt8 main開始=2026-06-29T16:13:15Z
  2026-06-30T01:16:17+09:00 負荷完了・マーカー検出(試行 35)
  ウォームアップ完了(結果は捨てる)
---- 2026-06-30T01:16:17+09:00 arm=mega アイドル基線測定 (ウォームアップ後の温まったアイドル: ドレイン 30s + 窓 2m) ----
  2026-06-30T01:18:48+09:00 base: node=0.7293333333333317 app=0.018274979838984712 softirq=0.005222222222222209 system=0.2163333333333333 cores (無負荷)
---- 2026-06-30T01:18:48+09:00 cycle 2 arm=mega 本計測 (負荷 5m) ----
job.batch/loadgenerator created
serviceaccount/loadgenerator unchanged
  2026-06-30T01:18:54+09:00 loadgen pod=loadgenerator-8jsg5 main開始=2026-06-29T16:18:50Z
  2026-06-30T01:23:53+09:00 負荷完了・マーカー検出(試行 58)
  2026-06-30T01:23:54+09:00 CPU: node=3.5064074074074076 app=2.5076342260602806 softirq=0.1180740740740741 system=0.7934074074074076 cores (window=5m) / base softirq=0.005222222222222209 system=0.2163333333333333
  -> 記録: 2,mega,61900,0,42,140,830,77.46331666589901,206.57106310860783,3.5064074074074076,2.5076342260602806,0.7293333333333317,0.018274979838984712,13.444,12.051,1.393,0.1180740740740741,0.7934074074074076,0.005222222222222209,0.2163333333333333,0.546,2.794
---- deploy NORMAL (分離・Istio無し) ----
deployment.apps "megapod" deleted
service "frontend" deleted
service "frontend-external" deleted
service "checkoutservice" deleted
deployment.apps/frontend created
service/frontend created
service/frontend-external created
serviceaccount/frontend created
deployment.apps/checkoutservice created
service/checkoutservice created
serviceaccount/checkoutservice created
deployment.apps/cartservice created
service/cartservice created
serviceaccount/cartservice created
deployment.apps/redis-cart created
service/redis-cart created
deployment.apps/productcatalogservice created
service/productcatalogservice created
serviceaccount/productcatalogservice created
deployment.apps/currencyservice created
service/currencyservice created
serviceaccount/currencyservice created
deployment.apps/paymentservice created
service/paymentservice created
serviceaccount/paymentservice created
deployment.apps/shippingservice created
service/shippingservice created
serviceaccount/shippingservice created
deployment.apps/emailservice created
service/emailservice created
serviceaccount/emailservice created
deployment.apps/recommendationservice created
service/recommendationservice created
serviceaccount/recommendationservice created
deployment.apps/adservice created
service/adservice created
serviceaccount/adservice created
deployment.apps/checkoutservice patched
deployment.apps/paymentservice patched
deployment.apps/emailservice patched
Waiting for deployment "frontend" rollout to finish: 0 of 1 updated replicas are available...
deployment "frontend" successfully rolled out
deployment "checkoutservice" successfully rolled out
Waiting for deployment "cartservice" rollout to finish: 0 of 1 updated replicas are available...
deployment "cartservice" successfully rolled out
deployment "redis-cart" successfully rolled out
deployment "productcatalogservice" successfully rolled out
deployment "currencyservice" successfully rolled out
deployment "paymentservice" successfully rolled out
deployment "shippingservice" successfully rolled out
deployment "emailservice" successfully rolled out
deployment "recommendationservice" successfully rolled out
Waiting for deployment "adservice" rollout to finish: 0 of 1 updated replicas are available...
deployment "adservice" successfully rolled out
---- 2026-06-30T01:24:29+09:00 cycle 3 arm=normal ウォームアップ (負荷 3m) ----
job.batch/loadgenerator created
serviceaccount/loadgenerator unchanged
  2026-06-30T01:24:35+09:00 loadgen pod=loadgenerator-ldt6w main開始=2026-06-29T16:24:32Z
  2026-06-30T01:27:34+09:00 負荷完了・マーカー検出(試行 35)
  ウォームアップ完了(結果は捨てる)
---- 2026-06-30T01:27:34+09:00 arm=normal アイドル基線測定 (ウォームアップ後の温まったアイドル: ドレイン 30s + 窓 2m) ----
  2026-06-30T01:30:05+09:00 base: node=0.6010000000000045 app=0.017643539211718136 softirq=0.005444444444444545 system=0.18922222222222285 cores (無負荷)
---- 2026-06-30T01:30:05+09:00 cycle 3 arm=normal 本計測 (負荷 5m) ----
job.batch/loadgenerator created
serviceaccount/loadgenerator unchanged
  2026-06-30T01:30:11+09:00 loadgen pod=loadgenerator-qdr7m main開始=2026-06-29T16:30:07Z
  2026-06-30T01:35:10+09:00 負荷完了・マーカー検出(試行 58)
  2026-06-30T01:35:11+09:00 CPU: node=3.9097407407407414 app=2.8593356750453656 softirq=0.2563703703703704 system=0.863777777777778 cores (window=5m) / base softirq=0.005444444444444545 system=0.18922222222222285
  -> 記録: 3,normal,62408,0,51,140,320,71.62331400842783,208.45180895140754,3.9097407407407414,2.8593356750453656,0.6010000000000045,0.017643539211718136,15.873,13.632,2.241,0.2563703703703704,0.863777777777778,0.005444444444444545,0.18922222222222285,1.204,3.236
---- deploy MEGA (全部入り) ----
deployment.apps "frontend" deleted
service "frontend" deleted
service "frontend-external" deleted
serviceaccount "frontend" deleted
deployment.apps "checkoutservice" deleted
service "checkoutservice" deleted
serviceaccount "checkoutservice" deleted
deployment.apps "cartservice" deleted
service "cartservice" deleted
serviceaccount "cartservice" deleted
deployment.apps "redis-cart" deleted
service "redis-cart" deleted
deployment.apps "productcatalogservice" deleted
service "productcatalogservice" deleted
serviceaccount "productcatalogservice" deleted
deployment.apps "currencyservice" deleted
service "currencyservice" deleted
serviceaccount "currencyservice" deleted
deployment.apps "paymentservice" deleted
service "paymentservice" deleted
serviceaccount "paymentservice" deleted
deployment.apps "shippingservice" deleted
service "shippingservice" deleted
serviceaccount "shippingservice" deleted
deployment.apps "emailservice" deleted
service "emailservice" deleted
serviceaccount "emailservice" deleted
deployment.apps "recommendationservice" deleted
service "recommendationservice" deleted
serviceaccount "recommendationservice" deleted
deployment.apps "adservice" deleted
service "adservice" deleted
serviceaccount "adservice" deleted
deployment.apps/megapod created
service/frontend created
service/frontend-external created
service/checkoutservice created
Waiting for deployment "megapod" rollout to finish: 0 of 1 updated replicas are available...
deployment "megapod" successfully rolled out
---- 2026-06-30T01:35:38+09:00 cycle 3 arm=mega ウォームアップ (負荷 3m) ----
job.batch/loadgenerator created
serviceaccount/loadgenerator unchanged
  2026-06-30T01:35:44+09:00 loadgen pod=loadgenerator-xngrd main開始=2026-06-29T16:35:41Z
  2026-06-30T01:38:43+09:00 負荷完了・マーカー検出(試行 35)
  ウォームアップ完了(結果は捨てる)
---- 2026-06-30T01:38:43+09:00 arm=mega アイドル基線測定 (ウォームアップ後の温まったアイドル: ドレイン 30s + 窓 2m) ----
  2026-06-30T01:41:14+09:00 base: node=0.7283333333333318 app=0.01864544410938223 softirq=0.004444444444444231 system=0.21500000000000086 cores (無負荷)
---- 2026-06-30T01:41:14+09:00 cycle 3 arm=mega 本計測 (負荷 5m) ----
job.batch/loadgenerator created
serviceaccount/loadgenerator unchanged
  2026-06-30T01:41:20+09:00 loadgen pod=loadgenerator-n2sw9 main開始=2026-06-29T16:41:16Z
  2026-06-30T01:46:19+09:00 負荷完了・マーカー検出(試行 58)
  2026-06-30T01:46:20+09:00 CPU: node=3.990925925925926 app=2.772759271792547 softirq=0.12666666666666665 system=0.8808888888888889 cores (window=5m) / base softirq=0.004444444444444231 system=0.21500000000000086
  -> 記録: 3,mega,62210,0,74,160,260,84.5023977044827,208.23736044070748,3.990925925925926,2.772759271792547,0.7283333333333318,0.01864544410938223,15.668,13.226,2.442,0.12666666666666665,0.8808888888888889,0.004444444444444231,0.21500000000000086,0.587,3.198
================ DONE 2026-06-30T01:46:51+09:00 ================
cycle  arm     reqcount  fails  p50_ms  p90_ms  p99_ms  avg_ms             rps                 node_cores          app_cores           base_node           base_app              node_mc_per_req  app_mc_per_req  comm_mc_per_req  softirq_cores        system_cores        base_softirq          base_system          softirq_mc_per_req  system_mc_per_req
1      normal  62293     0      48      150     660     76.71026583744582  208.0531875863022   4.11125925925926    2.7450871624294733  0.7194444444444439  0.018391028496528867  16.303           13.106          3.197            0.25303703703703706  0.8826296296296295  0.005555555555555496  0.20844444444444407  1.19                3.24
1      mega    62345     0      35      110     620     59.19905286629032  208.30224937414883  3.612518518518519   2.5429043638448787  0.687555555555553   0.01861786756655976   14.042           12.118          1.924            0.1215185185185185   0.8223333333333337  0.004888888888888883  0.19822222222222208  0.56                2.996
2      normal  61997     0      51      150     740     81.82513830127077  207.07536057037845  3.8355925925925938  2.7162564445518123  0.644777777777776   0.01823733269571136   15.409           13.029          2.38             0.24396296296296296  0.8410370370370375  0.005777777777777792  0.19622222222222263  1.15                3.114
2      mega    61900     0      42      140     830     77.46331666589901  206.57106310860783  3.5064074074074076  2.5076342260602806  0.7293333333333317  0.018274979838984712  13.444           12.051          1.393            0.1180740740740741   0.7934074074074076  0.005222222222222209  0.2163333333333333   0.546               2.794
3      normal  62408     0      51      140     320     71.62331400842783  208.45180895140754  3.9097407407407414  2.8593356750453656  0.6010000000000045  0.017643539211718136  15.873           13.632          2.241            0.2563703703703704   0.863777777777778   0.005444444444444545  0.18922222222222285  1.204               3.236
3      mega    62210     0      74      160     260     84.5023977044827   208.23736044070748  3.990925925925926   2.772759271792547   0.7283333333333318  0.01864544410938223   15.668           13.226          2.442            0.12666666666666665  0.8808888888888889  0.004444444444444231  0.21500000000000086  0.587               3.198
