================ START 2026-06-30T00:26:35+09:00 ns=exp cycles=1 warmup=30s measure=2m ================
---- deploy NORMAL (分離・Istio無し) ----
service "frontend" deleted
service "frontend-external" deleted
service "checkoutservice" deleted
deployment.apps/frontend configured
service/frontend created
service/frontend-external created
serviceaccount/frontend unchanged
deployment.apps/checkoutservice configured
service/checkoutservice created
serviceaccount/checkoutservice unchanged
deployment.apps/cartservice unchanged
service/cartservice unchanged
serviceaccount/cartservice unchanged
deployment.apps/redis-cart unchanged
service/redis-cart unchanged
deployment.apps/productcatalogservice configured
service/productcatalogservice unchanged
serviceaccount/productcatalogservice unchanged
deployment.apps/currencyservice unchanged
service/currencyservice unchanged
serviceaccount/currencyservice unchanged
deployment.apps/paymentservice configured
service/paymentservice unchanged
serviceaccount/paymentservice unchanged
deployment.apps/shippingservice unchanged
service/shippingservice unchanged
serviceaccount/shippingservice unchanged
deployment.apps/emailservice configured
service/emailservice unchanged
serviceaccount/emailservice unchanged
deployment.apps/recommendationservice unchanged
service/recommendationservice unchanged
serviceaccount/recommendationservice unchanged
deployment.apps/adservice unchanged
service/adservice unchanged
serviceaccount/adservice unchanged
deployment.apps/checkoutservice patched
deployment.apps/paymentservice patched
deployment.apps/emailservice patched
deployment "frontend" successfully rolled out
Waiting for deployment "checkoutservice" rollout to finish: 1 old replicas are pending termination...
Waiting for deployment "checkoutservice" rollout to finish: 1 old replicas are pending termination...
deployment "checkoutservice" successfully rolled out
deployment "cartservice" successfully rolled out
deployment "redis-cart" successfully rolled out
deployment "productcatalogservice" successfully rolled out
deployment "currencyservice" successfully rolled out
deployment "paymentservice" successfully rolled out
deployment "shippingservice" successfully rolled out
deployment "emailservice" successfully rolled out
deployment "recommendationservice" successfully rolled out
deployment "adservice" successfully rolled out
---- 2026-06-30T00:26:46+09:00 cycle 1 arm=normal ウォームアップ (負荷 30s) ----
job.batch/loadgenerator created
serviceaccount/loadgenerator unchanged
  2026-06-30T00:26:51+09:00 loadgen pod=loadgenerator-785jn main開始=2026-06-29T15:26:49Z
  2026-06-30T00:27:23+09:00 負荷完了・マーカー検出(試行 7)
  ウォームアップ完了(結果は捨てる)
---- 2026-06-30T00:27:23+09:00 arm=normal アイドル基線測定 (ウォームアップ後の温まったアイドル: ドレイン 20s + 窓 2m) ----
  2026-06-30T00:29:44+09:00 base: node=0.4063333333333344 app=0.020168962490066607 softirq=0.005444444444444476 system=0.13811111111111127 cores (無負荷)
---- 2026-06-30T00:29:44+09:00 cycle 1 arm=normal 本計測 (負荷 2m) ----
job.batch/loadgenerator created
serviceaccount/loadgenerator unchanged
  2026-06-30T00:29:50+09:00 loadgen pod=loadgenerator-kqtq9 main開始=2026-06-29T15:29:46Z
  2026-06-30T00:31:51+09:00 負荷完了・マーカー検出(試行 24)
  2026-06-30T00:31:52+09:00 CPU: node=3.564888888888889 app=2.2346640920117333 softirq=0.19755555555555554 system=0.7501111111111111 cores (window=2m) / base softirq=0.005444444444444476 system=0.13811111111111127
  -> 記録: 1,normal,19267,0,77,160,240,88.15398193336266,161.07971847597238,3.564888888888889,2.2346640920117333,0.4063333333333344,0.020168962490066607,19.609,13.748,5.861,0.19755555555555554,0.7501111111111111,0.005444444444444476,0.13811111111111127,1.193,3.799
---- deploy MEGA (全部入り) ----
deployment.apps "frontend" deleted
service "frontend" deleted
service "frontend-external" deleted
serviceaccount "frontend" deleted
deployment.apps "checkoutservice" deleted
service "checkoutservice" deleted
serviceaccount "checkoutservice" deleted
deployment.apps "cartservice" deleted
service "cartservice" deleted
serviceaccount "cartservice" deleted
deployment.apps "redis-cart" deleted
service "redis-cart" deleted
deployment.apps "productcatalogservice" deleted
service "productcatalogservice" deleted
serviceaccount "productcatalogservice" deleted
deployment.apps "currencyservice" deleted
service "currencyservice" deleted
serviceaccount "currencyservice" deleted
deployment.apps "paymentservice" deleted
service "paymentservice" deleted
serviceaccount "paymentservice" deleted
deployment.apps "shippingservice" deleted
service "shippingservice" deleted
serviceaccount "shippingservice" deleted
deployment.apps "emailservice" deleted
service "emailservice" deleted
serviceaccount "emailservice" deleted
deployment.apps "recommendationservice" deleted
service "recommendationservice" deleted
serviceaccount "recommendationservice" deleted
deployment.apps "adservice" deleted
service "adservice" deleted
serviceaccount "adservice" deleted
deployment.apps/megapod created
service/frontend created
service/frontend-external created
service/checkoutservice created
Waiting for deployment "megapod" rollout to finish: 0 of 1 updated replicas are available...
deployment "megapod" successfully rolled out
---- 2026-06-30T00:32:24+09:00 cycle 1 arm=mega ウォームアップ (負荷 30s) ----
job.batch/loadgenerator created
serviceaccount/loadgenerator unchanged
  2026-06-30T00:32:30+09:00 loadgen pod=loadgenerator-v5mwz main開始=2026-06-29T15:32:27Z
  2026-06-30T00:33:01+09:00 負荷完了・マーカー検出(試行 7)
  ウォームアップ完了(結果は捨てる)
---- 2026-06-30T00:33:01+09:00 arm=mega アイドル基線測定 (ウォームアップ後の温まったアイドル: ドレイン 20s + 窓 2m) ----
  2026-06-30T00:35:22+09:00 base: node=0.3911111111111108 app=0.02048431952750533 softirq=0.005111111111111071 system=0.13133333333333325 cores (無負荷)
---- 2026-06-30T00:35:22+09:00 cycle 1 arm=mega 本計測 (負荷 2m) ----
job.batch/loadgenerator created
serviceaccount/loadgenerator unchanged
  2026-06-30T00:35:28+09:00 loadgen pod=loadgenerator-zwkq7 main開始=2026-06-29T15:35:24Z
  2026-06-30T00:37:29+09:00 負荷完了・マーカー検出(試行 24)
  2026-06-30T00:37:30+09:00 CPU: node=3.0968888888888886 app=2.1707940937728942 softirq=0.10066666666666664 system=0.6873333333333328 cores (window=2m) / base softirq=0.005111111111111071 system=0.13133333333333325
  -> 記録: 1,mega,19400,0,70,150,220,79.65419355319987,162.2824757708893,3.0968888888888886,2.1707940937728942,0.3911111111111108,0.02048431952750533,16.673,13.25,3.423,0.10066666666666664,0.6873333333333328,0.005111111111111071,0.13133333333333325,0.589,3.426
================ DONE 2026-06-30T00:38:01+09:00 ================
cycle  arm     reqcount  fails  p50_ms  p90_ms  p99_ms  avg_ms             rps                 node_cores          app_cores           base_node           base_app              node_mc_per_req  app_mc_per_req  comm_mc_per_req  softirq_cores        system_cores        base_softirq          base_system          softirq_mc_per_req  system_mc_per_req
1      normal  19267     0      77      160     240     88.15398193336266  161.07971847597238  3.564888888888889   2.2346640920117333  0.4063333333333344  0.020168962490066607  19.609           13.748          5.861            0.19755555555555554  0.7501111111111111  0.005444444444444476  0.13811111111111127  1.193               3.799
1      mega    19400     0      70      150     220     79.65419355319987  162.2824757708893   3.0968888888888886  2.1707940937728942  0.3911111111111108  0.02048431952750533   16.673           13.25           3.423            0.10066666666666664  0.6873333333333328  0.005111111111111071  0.13133333333333325  0.589               3.426
