================ FRONTCART START 2026-07-03T02:55:00+09:00 ns=exp users=80 rate=1 warmup=3m measure=5m cycles=3 ================
---- 既存トポロジを全削除 ----
---- deploy FRONTCART (frontend+cart+redis 同居・localhost・Istio無し) ----
deployment.apps/adservice created
service/adservice created
serviceaccount/adservice created
deployment.apps/checkoutservice created
service/checkoutservice created
serviceaccount/checkoutservice created
deployment.apps/currencyservice created
service/currencyservice created
serviceaccount/currencyservice created
deployment.apps/emailservice created
service/emailservice created
serviceaccount/emailservice created
deployment.apps/frontend created
service/frontend created
service/frontend-external created
service/cartservice created
serviceaccount/frontend created
serviceaccount/cartservice created
deployment.apps/paymentservice created
service/paymentservice created
serviceaccount/paymentservice created
deployment.apps/productcatalogservice created
service/productcatalogservice created
serviceaccount/productcatalogservice created
deployment.apps/recommendationservice created
service/recommendationservice created
serviceaccount/recommendationservice created
deployment.apps/shippingservice created
service/shippingservice created
serviceaccount/shippingservice created
deployment.apps/frontend patched (no change)
deployment.apps/checkoutservice patched
deployment.apps/productcatalogservice patched (no change)
deployment.apps/currencyservice patched (no change)
deployment.apps/paymentservice patched
deployment.apps/emailservice patched
deployment.apps/shippingservice patched (no change)
deployment.apps/recommendationservice patched (no change)
deployment.apps/adservice patched (no change)
Waiting for deployment "frontend" rollout to finish: 0 of 1 updated replicas are available...
deployment "frontend" successfully rolled out
deployment "checkoutservice" successfully rolled out
deployment "productcatalogservice" successfully rolled out
deployment "currencyservice" successfully rolled out
deployment "paymentservice" successfully rolled out
deployment "emailservice" successfully rolled out
deployment "shippingservice" successfully rolled out
deployment "recommendationservice" successfully rolled out
Waiting for deployment "adservice" rollout to finish: 0 of 1 updated replicas are available...
deployment "adservice" successfully rolled out
================ CYCLE 1/3 2026-07-03T02:55:39+09:00 ================
---- 2026-07-03T02:55:39+09:00 ウォームアップ (負荷 3m, users 80 rate 1) ----
job.batch/loadgenerator created
serviceaccount/loadgenerator unchanged
  2026-07-03T02:55:45+09:00 loadgen pod=loadgenerator-ffh92 main開始=2026-07-02T17:55:42Z
  2026-07-03T02:58:44+09:00 負荷完了(試行 35)
  ウォームアップ完了(捨て)
---- 2026-07-03T02:58:44+09:00 アイドル基線(温まったアイドル: ドレイン 30s + 窓 2m) ----
  2026-07-03T03:01:15+09:00 base: softirq=0.006111111111112026 system=0.20511111111110142 app=0.01885650647962731 node=0.6718888888888251 cores
---- 2026-07-03T03:01:15+09:00 本計測 (負荷 5m, users 80 rate 1) ----
job.batch/loadgenerator created
serviceaccount/loadgenerator unchanged
  2026-07-03T03:01:21+09:00 loadgen pod=loadgenerator-59mb5 main開始=2026-07-02T18:01:18Z
  2026-07-03T03:06:20+09:00 負荷完了(試行 58)
  2026-07-03T03:06:21+09:00 CPU: softirq=0.2520740740740743 system=0.8738148148148143 app=2.8765988509527873 node=3.9063703703703596 cores
  -> 記録: 1,frontcart,62252,0,31,110,660,59.9226162236992,208.03837135956033,0.2520740740740743,0.006111111111112026,0.8738148148148143,0.20511111111110142,2.8765988509527873,0.01885650647962731,3.9063703703703596,0.6718888888888251,1.182,3.214,13.737,15.548
================ CYCLE 2/3 2026-07-03T03:06:21+09:00 ================
---- 2026-07-03T03:06:21+09:00 ウォームアップ (負荷 3m, users 80 rate 1) ----
job.batch/loadgenerator created
serviceaccount/loadgenerator unchanged
  2026-07-03T03:06:33+09:00 loadgen pod=loadgenerator-krjgk main開始=2026-07-02T18:06:30Z
  2026-07-03T03:09:32+09:00 負荷完了(試行 35)
  ウォームアップ完了(捨て)
---- 2026-07-03T03:09:32+09:00 アイドル基線(温まったアイドル: ドレイン 30s + 窓 2m) ----
  2026-07-03T03:12:03+09:00 base: softirq=0.005111111111111041 system=0.20522222222221492 app=0.018614080447971235 node=0.6632222222222015 cores
---- 2026-07-03T03:12:03+09:00 本計測 (負荷 5m, users 80 rate 1) ----
job.batch/loadgenerator created
serviceaccount/loadgenerator unchanged
  2026-07-03T03:12:09+09:00 loadgen pod=loadgenerator-6wdp9 main開始=2026-07-02T18:12:06Z
  2026-07-03T03:17:09+09:00 負荷完了(試行 58)
  2026-07-03T03:17:09+09:00 CPU: softirq=0.24622222222222187 system=0.8774074074074112 app=2.7208625067525403 node=3.9037037037037194 cores
  -> 記録: 2,frontcart,61982,0,38,110,670,60.97090012553904,207.24890674617183,0.24622222222222187,0.005111111111111041,0.8774074074074112,0.20522222222221492,2.7208625067525403,0.018614080447971235,3.9037037037037194,0.6632222222222015,1.163,3.243,13.039,15.636
================ CYCLE 3/3 2026-07-03T03:17:09+09:00 ================
---- 2026-07-03T03:17:09+09:00 ウォームアップ (負荷 3m, users 80 rate 1) ----
job.batch/loadgenerator created
serviceaccount/loadgenerator unchanged
  2026-07-03T03:17:22+09:00 loadgen pod=loadgenerator-2tw5w main開始=2026-07-02T18:17:19Z
  2026-07-03T03:20:21+09:00 負荷完了(試行 35)
  ウォームアップ完了(捨て)
---- 2026-07-03T03:20:21+09:00 アイドル基線(温まったアイドル: ドレイン 30s + 窓 2m) ----
  2026-07-03T03:22:51+09:00 base: softirq=0.00477777777777659 system=0.22166666666665452 app=0.017386906053787322 node=0.7266666666666046 cores
---- 2026-07-03T03:22:51+09:00 本計測 (負荷 5m, users 80 rate 1) ----
job.batch/loadgenerator created
serviceaccount/loadgenerator unchanged
  2026-07-03T03:22:57+09:00 loadgen pod=loadgenerator-6gmxn main開始=2026-07-02T18:22:54Z
  2026-07-03T03:27:57+09:00 負荷完了(試行 58)
  2026-07-03T03:27:58+09:00 CPU: softirq=0.21877777777777793 system=0.7983333333333323 app=2.5422090969690845 node=3.564074074074082 cores
  -> 記録: 3,frontcart,62446,0,29,82,210,42.06398333047207,208.70861109587912,0.21877777777777793,0.00477777777777659,0.7983333333333323,0.22166666666665452,2.5422090969690845,0.017386906053787322,3.564074074074082,0.7266666666666046,1.025,2.763,12.097,13.595
================ FRONTCART DONE 2026-07-03T03:28:29+09:00 ================
cycle  arm        reqcount  fails  p50_ms  p90_ms  p99_ms  avg_ms             rps                 softirq_cores        base_softirq          system_cores        base_system          app_cores           base_app              node_cores          base_node           softirq_mc_per_req  system_mc_per_req  app_mc_per_req  node_mc_per_req
1      frontcart  62252     0      31      110     660     59.9226162236992   208.03837135956033  0.2520740740740743   0.006111111111112026  0.8738148148148143  0.20511111111110142  2.8765988509527873  0.01885650647962731   3.9063703703703596  0.6718888888888251  1.182               3.214              13.737          15.548
2      frontcart  61982     0      38      110     670     60.97090012553904  207.24890674617183  0.24622222222222187  0.005111111111111041  0.8774074074074112  0.20522222222221492  2.7208625067525403  0.018614080447971235  3.9037037037037194  0.6632222222222015  1.163               3.243              13.039          15.636
3      frontcart  62446     0      29      82      210     42.06398333047207  208.70861109587912  0.21877777777777793  0.00477777777777659   0.7983333333333323  0.22166666666665452  2.5422090969690845  0.017386906053787322  3.564074074074082   0.7266666666666046  1.025               2.763              12.097          13.595
