================ FRONTCATALOG START 2026-06-30T09:39:06+09:00 ns=exp users=80 rate=1 warmup=3m measure=5m cycles=3 ================
---- 既存トポロジを全削除 ----
---- deploy FRONTCATALOG (frontend+productcatalog 同居・localhost・Istio無し) ----
deployment.apps/adservice created
service/adservice created
serviceaccount/adservice created
deployment.apps/cartservice created
service/cartservice created
serviceaccount/cartservice created
deployment.apps/redis-cart created
service/redis-cart created
deployment.apps/checkoutservice created
service/checkoutservice created
serviceaccount/checkoutservice created
deployment.apps/currencyservice created
service/currencyservice created
serviceaccount/currencyservice created
deployment.apps/emailservice created
service/emailservice created
serviceaccount/emailservice created
deployment.apps/frontend created
service/frontend created
service/frontend-external created
service/productcatalogservice created
serviceaccount/frontend created
serviceaccount/productcatalogservice created
deployment.apps/paymentservice created
service/paymentservice created
serviceaccount/paymentservice created
deployment.apps/recommendationservice created
service/recommendationservice created
serviceaccount/recommendationservice created
deployment.apps/shippingservice created
service/shippingservice created
serviceaccount/shippingservice created
deployment.apps/frontend patched (no change)
deployment.apps/checkoutservice patched
deployment.apps/cartservice patched (no change)
deployment.apps/redis-cart patched (no change)
deployment.apps/currencyservice patched (no change)
deployment.apps/paymentservice patched
deployment.apps/emailservice patched
deployment.apps/shippingservice patched (no change)
deployment.apps/recommendationservice patched (no change)
deployment.apps/adservice patched (no change)
Waiting for deployment "frontend" rollout to finish: 0 of 1 updated replicas are available...
deployment "frontend" successfully rolled out
deployment "checkoutservice" successfully rolled out
Waiting for deployment "cartservice" rollout to finish: 0 of 1 updated replicas are available...
deployment "cartservice" successfully rolled out
deployment "redis-cart" successfully rolled out
deployment "currencyservice" successfully rolled out
deployment "paymentservice" successfully rolled out
deployment "emailservice" successfully rolled out
deployment "shippingservice" successfully rolled out
deployment "recommendationservice" successfully rolled out
Waiting for deployment "adservice" rollout to finish: 0 of 1 updated replicas are available...
deployment "adservice" successfully rolled out
================ CYCLE 1/3 2026-06-30T09:39:45+09:00 ================
---- 2026-06-30T09:39:45+09:00 ウォームアップ (負荷 3m, users 80 rate 1) ----
job.batch/loadgenerator created
serviceaccount/loadgenerator unchanged
  2026-06-30T09:39:51+09:00 loadgen pod=loadgenerator-6cvmg main開始=2026-06-30T00:39:48Z
  2026-06-30T09:42:49+09:00 負荷完了(試行 35)
  ウォームアップ完了(捨て)
---- 2026-06-30T09:42:49+09:00 アイドル基線(温まったアイドル: ドレイン 30s + 窓 2m) ----
  2026-06-30T09:45:20+09:00 base: softirq=0.006000000000000542 system=0.2024444444444523 app=0.017424748129815426 node=0.7812222222222251 cores
---- 2026-06-30T09:45:20+09:00 本計測 (負荷 5m, users 80 rate 1) ----
job.batch/loadgenerator created
serviceaccount/loadgenerator unchanged
  2026-06-30T09:45:26+09:00 loadgen pod=loadgenerator-5bnl2 main開始=2026-06-30T00:45:23Z
  2026-06-30T09:50:26+09:00 負荷完了(試行 58)
  2026-06-30T09:50:26+09:00 CPU: softirq=0.19918518518518494 system=0.8078888888888889 app=2.5750073742877078 node=3.7869259259259276 cores
  -> 記録: 1,frontcatalog,62116,0,63,180,760,91.89599863105421,207.50770285093088,0.19918518518518494,0.006000000000000542,0.8078888888888889,0.2024444444444523,2.5750073742877078,0.017424748129815426,3.7869259259259276,0.7812222222222251,0.931,2.918,12.325,14.485
================ CYCLE 2/3 2026-06-30T09:50:26+09:00 ================
---- 2026-06-30T09:50:26+09:00 ウォームアップ (負荷 3m, users 80 rate 1) ----
job.batch/loadgenerator created
serviceaccount/loadgenerator unchanged
  2026-06-30T09:50:39+09:00 loadgen pod=loadgenerator-s2jt4 main開始=2026-06-30T00:50:36Z
  2026-06-30T09:53:37+09:00 負荷完了(試行 35)
  ウォームアップ完了(捨て)
---- 2026-06-30T09:53:37+09:00 アイドル基線(温まったアイドル: ドレイン 30s + 窓 2m) ----
  2026-06-30T09:56:08+09:00 base: softirq=0.00533333333333385 system=0.14088888888888831 app=0.018365086588111774 node=0.4268888888888781 cores
---- 2026-06-30T09:56:08+09:00 本計測 (負荷 5m, users 80 rate 1) ----
job.batch/loadgenerator created
serviceaccount/loadgenerator unchanged
  2026-06-30T09:56:14+09:00 loadgen pod=loadgenerator-tmnsk main開始=2026-06-30T00:56:11Z
  2026-06-30T10:01:13+09:00 負荷完了(試行 58)
  2026-06-30T10:01:14+09:00 CPU: softirq=0.21962962962962979 system=0.8452222222222229 app=2.8211924725513007 node=3.833962962962962 cores
  -> 記録: 2,frontcatalog,62232,0,73,180,460,90.62218597417024,207.98409949876702,0.21962962962962979,0.00533333333333385,0.8452222222222229,0.14088888888888831,2.8211924725513007,0.018365086588111774,3.833962962962962,0.4268888888888781,1.03,3.386,13.476,16.381
================ CYCLE 3/3 2026-06-30T10:01:14+09:00 ================
---- 2026-06-30T10:01:14+09:00 ウォームアップ (負荷 3m, users 80 rate 1) ----
job.batch/loadgenerator created
serviceaccount/loadgenerator unchanged
  2026-06-30T10:01:27+09:00 loadgen pod=loadgenerator-m5cv9 main開始=2026-06-30T01:01:24Z
  2026-06-30T10:04:25+09:00 負荷完了(試行 35)
  ウォームアップ完了(捨て)
---- 2026-06-30T10:04:26+09:00 アイドル基線(温まったアイドル: ドレイン 30s + 窓 2m) ----
  2026-06-30T10:06:56+09:00 base: softirq=0.004777777777777695 system=0.14366666666666736 app=0.017448431537335884 node=0.43744444444444724 cores
---- 2026-06-30T10:06:56+09:00 本計測 (負荷 5m, users 80 rate 1) ----
job.batch/loadgenerator created
serviceaccount/loadgenerator unchanged
  2026-06-30T10:07:02+09:00 loadgen pod=loadgenerator-pl5c5 main開始=2026-06-30T01:06:59Z
  2026-06-30T10:12:02+09:00 負荷完了(試行 58)
  2026-06-30T10:12:03+09:00 CPU: softirq=0.21751851851851864 system=0.8225925925925935 app=2.8971014545378875 node=3.682555555555555 cores
  -> 記録: 3,frontcatalog,62035,0,45,170,700,79.51133234741255,207.2812630456896,0.21751851851851864,0.004777777777777695,0.8225925925925935,0.14366666666666736,2.8971014545378875,0.017448431537335884,3.682555555555555,0.43744444444444724,1.026,3.275,13.892,15.656
================ FRONTCATALOG DONE 2026-06-30T10:12:34+09:00 ================
cycle  arm           reqcount  fails  p50_ms  p90_ms  p99_ms  avg_ms             rps                 softirq_cores        base_softirq          system_cores        base_system          app_cores           base_app              node_cores          base_node            softirq_mc_per_req  system_mc_per_req  app_mc_per_req  node_mc_per_req
1      frontcatalog  62116     0      63      180     760     91.89599863105421  207.50770285093088  0.19918518518518494  0.006000000000000542  0.8078888888888889  0.2024444444444523   2.5750073742877078  0.017424748129815426  3.7869259259259276  0.7812222222222251   0.931               2.918              12.325          14.485
2      frontcatalog  62232     0      73      180     460     90.62218597417024  207.98409949876702  0.21962962962962979  0.00533333333333385   0.8452222222222229  0.14088888888888831  2.8211924725513007  0.018365086588111774  3.833962962962962   0.4268888888888781   1.03                3.386              13.476          16.381
3      frontcatalog  62035     0      45      170     700     79.51133234741255  207.2812630456896   0.21751851851851864  0.004777777777777695  0.8225925925925935  0.14366666666666736  2.8971014545378875  0.017448431537335884  3.682555555555555   0.43744444444444724  1.026               3.275              13.892          15.656
