================ FRONTRECO START 2026-07-06T19:06:42+09:00 ns=exp users=80 rate=1 warmup=3m measure=5m cycles=3 ================
---- 既存トポロジを全削除 ----
---- deploy FRONTRECO (frontend+recommendation 同居・localhost・Istio無し) ----
deployment.apps/adservice created
service/adservice created
serviceaccount/adservice created
deployment.apps/cartservice created
service/cartservice created
serviceaccount/cartservice created
deployment.apps/redis-cart created
service/redis-cart created
deployment.apps/checkoutservice created
service/checkoutservice created
serviceaccount/checkoutservice created
deployment.apps/currencyservice created
service/currencyservice created
serviceaccount/currencyservice created
deployment.apps/emailservice created
service/emailservice created
serviceaccount/emailservice created
deployment.apps/frontend created
service/frontend created
service/frontend-external created
serviceaccount/frontend created
serviceaccount/recommendationservice created
deployment.apps/paymentservice created
service/paymentservice created
serviceaccount/paymentservice created
deployment.apps/productcatalogservice created
service/productcatalogservice created
serviceaccount/productcatalogservice created
deployment.apps/shippingservice created
service/shippingservice created
serviceaccount/shippingservice created
deployment.apps/frontend patched (no change)
deployment.apps/checkoutservice patched
deployment.apps/cartservice patched (no change)
deployment.apps/redis-cart patched (no change)
deployment.apps/productcatalogservice patched (no change)
deployment.apps/currencyservice patched (no change)
deployment.apps/paymentservice patched
deployment.apps/emailservice patched
deployment.apps/shippingservice patched (no change)
deployment.apps/adservice patched (no change)
Waiting for deployment "frontend" rollout to finish: 0 of 1 updated replicas are available...
deployment "frontend" successfully rolled out
deployment "checkoutservice" successfully rolled out
Waiting for deployment "cartservice" rollout to finish: 0 of 1 updated replicas are available...
deployment "cartservice" successfully rolled out
deployment "redis-cart" successfully rolled out
deployment "productcatalogservice" successfully rolled out
deployment "currencyservice" successfully rolled out
deployment "paymentservice" successfully rolled out
deployment "emailservice" successfully rolled out
deployment "shippingservice" successfully rolled out
Waiting for deployment "adservice" rollout to finish: 0 of 1 updated replicas are available...
deployment "adservice" successfully rolled out
================ CYCLE 1/3 2026-07-06T19:07:19+09:00 ================
---- 2026-07-06T19:07:19+09:00 ウォームアップ (負荷 3m, users 80 rate 1) ----
job.batch/loadgenerator created
serviceaccount/loadgenerator unchanged
  2026-07-06T19:07:26+09:00 loadgen pod=loadgenerator-qvg2d main開始=2026-07-06T10:07:22Z
  2026-07-06T19:10:27+09:00 負荷完了(試行 35)
  ウォームアップ完了(捨て)
---- 2026-07-06T19:10:27+09:00 アイドル基線(温まったアイドル: ドレイン 30s + 窓 2m) ----
  2026-07-06T19:12:58+09:00 base: softirq=0.006111111111109342 system=0.22833333333332523 app=0.01702977613155946 node=0.7406666666666406 cores
---- 2026-07-06T19:12:58+09:00 本計測 (負荷 5m, users 80 rate 1) ----
job.batch/loadgenerator created
serviceaccount/loadgenerator unchanged
  2026-07-06T19:13:04+09:00 loadgen pod=loadgenerator-4pljj main開始=2026-07-06T10:13:01Z
  2026-07-06T19:18:03+09:00 負荷完了(試行 57)
  2026-07-06T19:18:04+09:00 CPU: softirq=0.21788888888888863 system=0.8020370370370411 app=2.6611945240367287 node=3.6911111111111055 cores
  -> 記録: 1,frontreco,61775,0,56,170,790,88.05758242119398,206.22185321593588,0.21788888888888863,0.006111111111109342,0.8020370370370411,0.22833333333332523,2.6611945240367287,0.01702977613155946,3.6911111111111055,0.7406666666666406,1.027,2.782,12.822,14.307
================ CYCLE 2/3 2026-07-06T19:18:04+09:00 ================
---- 2026-07-06T19:18:04+09:00 ウォームアップ (負荷 3m, users 80 rate 1) ----
job.batch/loadgenerator created
serviceaccount/loadgenerator unchanged
  2026-07-06T19:18:17+09:00 loadgen pod=loadgenerator-7qkxg main開始=2026-07-06T10:18:13Z
  2026-07-06T19:21:18+09:00 負荷完了(試行 35)
  ウォームアップ完了(捨て)
---- 2026-07-06T19:21:18+09:00 アイドル基線(温まったアイドル: ドレイン 30s + 窓 2m) ----
  2026-07-06T19:23:49+09:00 base: softirq=0.0057777777777775745 system=0.21544444444442784 app=0.01608736889011989 node=0.7289999999999225 cores
---- 2026-07-06T19:23:49+09:00 本計測 (負荷 5m, users 80 rate 1) ----
job.batch/loadgenerator created
serviceaccount/loadgenerator unchanged
  2026-07-06T19:23:55+09:00 loadgen pod=loadgenerator-76ht6 main開始=2026-07-06T10:23:51Z
  2026-07-06T19:28:53+09:00 負荷完了(試行 57)
  2026-07-06T19:28:54+09:00 CPU: softirq=0.22277777777777738 system=0.8126296296296325 app=2.6271627894797858 node=3.6968148148148323 cores
  -> 記録: 2,frontreco,62081,0,48,150,680,77.96161669671096,207.57821717875098,0.22277777777777738,0.0057777777777775745,0.8126296296296325,0.21544444444442784,2.6271627894797858,0.01608736889011989,3.6968148148148323,0.7289999999999225,1.045,2.877,12.579,14.297
================ CYCLE 3/3 2026-07-06T19:28:54+09:00 ================
---- 2026-07-06T19:28:54+09:00 ウォームアップ (負荷 3m, users 80 rate 1) ----
job.batch/loadgenerator created
serviceaccount/loadgenerator unchanged
  2026-07-06T19:29:07+09:00 loadgen pod=loadgenerator-5d7fz main開始=2026-07-06T10:29:03Z
  2026-07-06T19:32:08+09:00 負荷完了(試行 35)
  ウォームアップ完了(捨て)
---- 2026-07-06T19:32:08+09:00 アイドル基線(温まったアイドル: ドレイン 30s + 窓 2m) ----
  2026-07-06T19:34:39+09:00 base: softirq=0.005555555555555239 system=0.21377777777778545 app=0.016780058985888555 node=0.7238888888887867 cores
---- 2026-07-06T19:34:39+09:00 本計測 (負荷 5m, users 80 rate 1) ----
job.batch/loadgenerator created
serviceaccount/loadgenerator unchanged
  2026-07-06T19:34:46+09:00 loadgen pod=loadgenerator-x88bh main開始=2026-07-06T10:34:42Z
  2026-07-06T19:39:44+09:00 負荷完了(試行 57)
  2026-07-06T19:39:45+09:00 CPU: softirq=0.24051851851851935 system=0.8422592592592587 app=2.5851548558194755 node=3.7951481481481695 cores
  -> 記録: 3,frontreco,62159,0,34,110,590,59.01334565941034,208.08859307056224,0.24051851851851935,0.005555555555555239,0.8422592592592587,0.21377777777778545,2.5851548558194755,0.016780058985888555,3.7951481481481695,0.7238888888887867,1.129,3.02,12.343,14.759
================ FRONTRECO DONE 2026-07-06T19:40:16+09:00 ================
cycle  arm        reqcount  fails  p50_ms  p90_ms  p99_ms  avg_ms             rps                 softirq_cores        base_softirq           system_cores        base_system          app_cores           base_app              node_cores          base_node           softirq_mc_per_req  system_mc_per_req  app_mc_per_req  node_mc_per_req
1      frontreco  61775     0      56      170     790     88.05758242119398  206.22185321593588  0.21788888888888863  0.006111111111109342   0.8020370370370411  0.22833333333332523  2.6611945240367287  0.01702977613155946   3.6911111111111055  0.7406666666666406  1.027               2.782              12.822          14.307
2      frontreco  62081     0      48      150     680     77.96161669671096  207.57821717875098  0.22277777777777738  0.0057777777777775745  0.8126296296296325  0.21544444444442784  2.6271627894797858  0.01608736889011989   3.6968148148148323  0.7289999999999225  1.045               2.877              12.579          14.297
3      frontreco  62159     0      34      110     590     59.01334565941034  208.08859307056224  0.24051851851851935  0.005555555555555239   0.8422592592592587  0.21377777777778545  2.5851548558194755  0.016780058985888555  3.7951481481481695  0.7238888888887867  1.129               3.02               12.343          14.759
