================ FRONT4 START 2026-07-06T21:34:27+09:00 ns=exp users=80 rate=1 warmup=3m measure=5m cycles=3 ================
---- 既存トポロジ全削除(HPAも) → front4 を張る ----
---- deploy FRONT4 (frontend+reco+catalog+cart+redis 同居・全内部localhost・HPA同梱・Istio無し) ----
deployment.apps/adservice created
service/adservice created
serviceaccount/adservice created
deployment.apps/checkoutservice created
service/checkoutservice created
serviceaccount/checkoutservice created
deployment.apps/currencyservice created
service/currencyservice created
serviceaccount/currencyservice created
deployment.apps/emailservice created
service/emailservice created
serviceaccount/emailservice created
deployment.apps/frontend created
service/frontend created
service/frontend-external created
service/productcatalogservice created
service/cartservice created
serviceaccount/frontend created
serviceaccount/cartservice created
serviceaccount/productcatalogservice created
serviceaccount/recommendationservice created
horizontalpodautoscaler.autoscaling/frontend created
deployment.apps/paymentservice created
service/paymentservice created
serviceaccount/paymentservice created
deployment.apps/shippingservice created
service/shippingservice created
serviceaccount/shippingservice created
deployment.apps/frontend patched (no change)
deployment.apps/checkoutservice patched
deployment.apps/currencyservice patched (no change)
deployment.apps/paymentservice patched
deployment.apps/emailservice patched
deployment.apps/shippingservice patched (no change)
deployment.apps/adservice patched (no change)
Waiting for deployment "frontend" rollout to finish: 0 of 1 updated replicas are available...
deployment "frontend" successfully rolled out
deployment "checkoutservice" successfully rolled out
deployment "currencyservice" successfully rolled out
deployment "paymentservice" successfully rolled out
deployment "emailservice" successfully rolled out
deployment "shippingservice" successfully rolled out
Waiting for deployment "adservice" rollout to finish: 0 of 1 updated replicas are available...
deployment "adservice" successfully rolled out
  HPA状態: frontend   Deployment/frontend   cpu: <unknown>/70%   1     5     1     31s
================ CYCLE 1/3 2026-07-06T21:35:36+09:00 ================
---- 2026-07-06T21:35:36+09:00 ウォームアップ (負荷 3m) ----
job.batch/loadgenerator created
serviceaccount/loadgenerator unchanged
  2026-07-06T21:35:42+09:00 loadgen pod=loadgenerator-kdk4t
  2026-07-06T21:38:43+09:00 負荷完了(試行 35)
  ウォームアップ完了(捨て)
---- 2026-07-06T21:38:44+09:00 アイドル基線(ドレイン 30s + 窓 2m) ----
  2026-07-06T21:41:14+09:00 base: softirq=0.005777777777778206 system=0.21100000000001776 app=0.019439617859099166 node=0.6911111111111091
---- 2026-07-06T21:41:14+09:00 本計測 (負荷 5m) ----
job.batch/loadgenerator created
serviceaccount/loadgenerator unchanged
  2026-07-06T21:41:21+09:00 loadgen pod=loadgenerator-sd2kw
  2026-07-06T21:46:19+09:00 負荷完了(試行 57)
  2026-07-06T21:46:20+09:00 CPU: softirq=0.1691481481481481 app=2.490504592489298 node=3.5682962962963094 | frontend_replicas=1 HPA(cpu: reps=5)
  -> 記録: 1,front4,62319,0,36,76,290,48.2026252619652,208.50315226243197,0.1691481481481481,0.005777777777778206,0.8127037037037048,0.21100000000001776,2.490504592489298,0.019439617859099166,3.5682962962963094,0.6911111111111091,0.784,2.886,11.851,13.799
================ CYCLE 2/3 2026-07-06T21:46:20+09:00 ================
---- 2026-07-06T21:46:20+09:00 ウォームアップ (負荷 3m) ----
job.batch/loadgenerator created
serviceaccount/loadgenerator unchanged
  2026-07-06T21:46:33+09:00 loadgen pod=loadgenerator-n92lj
  2026-07-06T21:49:34+09:00 負荷完了(試行 35)
  ウォームアップ完了(捨て)
---- 2026-07-06T21:49:34+09:00 アイドル基線(ドレイン 30s + 窓 2m) ----
  2026-07-06T21:52:05+09:00 base: softirq=0.00522222222222063 system=0.20233333333334383 app=0.017831848401053004 node=0.6718888888888562
---- 2026-07-06T21:52:05+09:00 本計測 (負荷 5m) ----
job.batch/loadgenerator created
serviceaccount/loadgenerator unchanged
  2026-07-06T21:52:11+09:00 loadgen pod=loadgenerator-92wk9
  2026-07-06T21:57:10+09:00 負荷完了(試行 57)
  2026-07-06T21:57:11+09:00 CPU: softirq=0.18466666666666798 app=2.6591403772151145 node=3.7875185185185383 | frontend_replicas=1 HPA(cpu: reps=5)
  -> 記録: 2,front4,62362,0,41,91,340,53.439243570927516,208.4855624362823,0.18466666666666798,0.00522222222222063,0.8688518518518524,0.20233333333334383,2.6591403772151145,0.017831848401053004,3.7875185185185383,0.6718888888888562,0.861,3.197,12.669,14.944
================ CYCLE 3/3 2026-07-06T21:57:11+09:00 ================
---- 2026-07-06T21:57:11+09:00 ウォームアップ (負荷 3m) ----
job.batch/loadgenerator created
serviceaccount/loadgenerator unchanged
  2026-07-06T21:57:24+09:00 loadgen pod=loadgenerator-bcc47
  2026-07-06T22:00:25+09:00 負荷完了(試行 35)
  ウォームアップ完了(捨て)
---- 2026-07-06T22:00:25+09:00 アイドル基線(ドレイン 30s + 窓 2m) ----
  2026-07-06T22:02:56+09:00 base: softirq=0.005333333333333219 system=0.21288888888893778 app=0.018361484200360885 node=0.6932222222221777
---- 2026-07-06T22:02:56+09:00 本計測 (負荷 5m) ----
job.batch/loadgenerator created
serviceaccount/loadgenerator unchanged
  2026-07-06T22:03:02+09:00 loadgen pod=loadgenerator-bn4x9
  2026-07-06T22:08:01+09:00 負荷完了(試行 57)
  2026-07-06T22:08:02+09:00 CPU: softirq=0.17903703703703716 app=2.8440952558415025 node=3.80511111111113 | frontend_replicas=1 HPA(cpu: reps=5)
  -> 記録: 3,front4,62399,0,66,150,380,80.00053151270554,208.43263482233053,0.17903703703703716,0.005333333333333219,0.8602592592592542,0.21288888888893778,2.8440952558415025,0.018361484200360885,3.80511111111113,0.6932222222221777,0.833,3.106,13.557,14.93
================ FRONT4 DONE 2026-07-06T22:08:33+09:00 ================
cycle  arm     reqcount  fails  p50_ms  p90_ms  p99_ms  avg_ms              rps                 softirq_cores        base_softirq          system_cores        base_system          app_cores           base_app              node_cores          base_node           softirq_mc_per_req  system_mc_per_req  app_mc_per_req  node_mc_per_req
1      front4  62319     0      36      76      290     48.2026252619652    208.50315226243197  0.1691481481481481   0.005777777777778206  0.8127037037037048  0.21100000000001776  2.490504592489298   0.019439617859099166  3.5682962962963094  0.6911111111111091  0.784               2.886              11.851          13.799
2      front4  62362     0      41      91      340     53.439243570927516  208.4855624362823   0.18466666666666798  0.00522222222222063   0.8688518518518524  0.20233333333334383  2.6591403772151145  0.017831848401053004  3.7875185185185383  0.6718888888888562  0.861               3.197              12.669          14.944
3      front4  62399     0      66      150     380     80.00053151270554   208.43263482233053  0.17903703703703716  0.005333333333333219  0.8602592592592542  0.21288888888893778  2.8440952558415025  0.018361484200360885  3.80511111111113    0.6932222222221777  0.833               3.106              13.557          14.93
