================ HPASWEEP START 2026-07-06T22:17:57+09:00 ns=exp levels=[80 240 480] rate=40 warmup=4m measure=3m HPA=70%/1-4 ================
---- 既存トポロジ全削除(HPAも) → normal(分離) を張る ----
---- 全アプリに HPA を作成(CPU 70%, 1-4) ----
  HPA adservice 1%/70% 4->1 cur=20s
  HPA cartservice 1%/70% 4->1 cur=21s
  HPA checkoutservice 0%/70% 4->1 cur=21s
  HPA currencyservice 0%/70% 4->1 cur=21s
  HPA emailservice 1%/70% 4->1 cur=20s
  HPA frontend 0%/70% 4->1 cur=21s
  HPA paymentservice 1%/70% 4->1 cur=21s
  HPA productcatalogservice 0%/70% 4->1 cur=21s
  HPA recommendationservice 0%/70% 4->1 cur=20s
  HPA shippingservice 0%/70% 4->1 cur=21s
================ USERS=80 2026-07-06T22:19:55+09:00 ================
---- 2026-07-06T22:19:55+09:00 users=80 ウォームアップ (負荷 4m, rate 40) ----
job.batch/loadgenerator created
serviceaccount/loadgenerator unchanged
  loadgen pod=loadgenerator-g8wvx
  2026-07-06T22:24:02+09:00 負荷完了(試行 46)
  ウォームアップ完了(捨て)
---- 2026-07-06T22:24:02+09:00 アイドル基線(ドレイン 30s + 窓 2m) ----
  base: softirq= system= app= node=
---- 2026-07-06T22:26:33+09:00 users=80 本計測 (負荷 3m, rate 40) ----
job.batch/loadgenerator created
serviceaccount/loadgenerator unchanged
  loadgen pod=loadgenerator-wgtcq
  2026-07-06T22:29:40+09:00 負荷完了(試行 35)
  2026-07-06T22:29:43+09:00 CPU: softirq= app= node= | total_replicas=11
  レプリカ内訳: frontend=2 checkoutservice=1 cartservice=1 productcatalogservice=1 currencyservice=1 paymentservice=1 shippingservice=1 emailservice=1 recommendationservice=1 adservice=1 
  -> 記録: 80,normal,42925,0,74,120,780,91.63449093311901,239.24786060396266,,NA,,NA,,NA,,NA,NA,NA,NA,NA,11
================ USERS=240 2026-07-06T22:29:44+09:00 ================
---- 2026-07-06T22:29:44+09:00 users=240 ウォームアップ (負荷 4m, rate 40) ----
job.batch/loadgenerator created
serviceaccount/loadgenerator unchanged
  loadgen pod=loadgenerator-dqjrw
  2026-07-06T22:33:59+09:00 負荷完了(試行 46)
  ウォームアップ完了(捨て)
---- 2026-07-06T22:33:59+09:00 アイドル基線(ドレイン 30s + 窓 2m) ----
  base: softirq= system= app= node=
---- 2026-07-06T22:36:30+09:00 users=240 本計測 (負荷 3m, rate 40) ----
job.batch/loadgenerator created
serviceaccount/loadgenerator unchanged
  loadgen pod=loadgenerator-q8mmw
  2026-07-06T22:39:34+09:00 負荷完了(試行 34)
  2026-07-06T22:39:36+09:00 CPU: softirq= app= node= | total_replicas=19
  レプリカ内訳: frontend=3 checkoutservice=1 cartservice=2 productcatalogservice=3 currencyservice=2 paymentservice=2 shippingservice=1 emailservice=2 recommendationservice=2 adservice=1 
  -> 記録: 240,normal,116093,0,330,450,850,342.75783450277015,647.6237125869246,,NA,,NA,,NA,,NA,NA,NA,NA,NA,19
================ USERS=480 2026-07-06T22:39:38+09:00 ================
---- 2026-07-06T22:39:38+09:00 users=480 ウォームアップ (負荷 4m, rate 40) ----
job.batch/loadgenerator created
serviceaccount/loadgenerator unchanged
  loadgen pod=loadgenerator-vfl79
  loadgen FAILED
  ウォームアップ完了(捨て)
---- 2026-07-06T22:40:13+09:00 アイドル基線(ドレイン 30s + 窓 2m) ----
  base: softirq= system= app= node=
---- 2026-07-06T22:42:44+09:00 users=480 本計測 (負荷 3m, rate 40) ----
job.batch/loadgenerator created
serviceaccount/loadgenerator unchanged
  loadgen pod=loadgenerator-sx76f
  2026-07-06T22:45:52+09:00 負荷完了(試行 34)
  2026-07-06T22:45:54+09:00 CPU: softirq= app= node= | total_replicas=28
  レプリカ内訳: frontend=4 checkoutservice=2 cartservice=3 productcatalogservice=4 currencyservice=3 paymentservice=2 shippingservice=2 emailservice=2 recommendationservice=3 adservice=3 
  -> 記録: 480,normal,162647,0,330,1200,1400,496.50229216822265,908.6720935897237,,NA,,NA,,NA,,NA,NA,NA,NA,NA,28
================ HPASWEEP DONE 2026-07-06T22:45:56+09:00 ================
users  arm     reqcount  fails  p50_ms  p90_ms  p99_ms  avg_ms              rps                 softirq_cores  base_softirq  system_cores  base_system  app_cores  base_app  node_cores  base_node  softirq_mc_per_req  system_mc_per_req  app_mc_per_req  node_mc_per_req  total_replicas
80     normal  42925     0      74      120     780     91.63449093311901   239.24786060396266                 NA                          NA                      NA                    NA         NA                  NA                 NA              NA               11
240    normal  116093    0      330     450     850     342.75783450277015  647.6237125869246                  NA                          NA                      NA                    NA         NA                  NA                 NA              NA               19
480    normal  162647    0      330     1200    1400    496.50229216822265  908.6720935897237                  NA                          NA                      NA                    NA         NA                  NA                 NA              NA               28
