================ OUTPY START 2026-06-30T08:53:33+09:00 ns=exp users=80 rate=1 warmup=3m measure=5m cycles=3 ================
---- 既存トポロジを全削除 ----
---- deploy OUTPY (payment を checkout に同居・localhost・Istio無し) ----
deployment.apps/adservice created
service/adservice created
serviceaccount/adservice created
deployment.apps/cartservice created
service/cartservice created
serviceaccount/cartservice created
deployment.apps/redis-cart created
service/redis-cart created
deployment.apps/currencyservice created
service/currencyservice created
serviceaccount/currencyservice created
deployment.apps/emailservice created
service/emailservice created
serviceaccount/emailservice created
deployment.apps/frontend created
service/frontend created
service/frontend-external created
serviceaccount/frontend created
deployment.apps/checkoutservice created
service/checkoutservice created
serviceaccount/checkoutservice created
deployment.apps/productcatalogservice created
service/productcatalogservice created
serviceaccount/productcatalogservice created
deployment.apps/recommendationservice created
service/recommendationservice created
serviceaccount/recommendationservice created
deployment.apps/shippingservice created
service/shippingservice created
serviceaccount/shippingservice created
deployment.apps/frontend patched (no change)
deployment.apps/checkoutservice patched
deployment.apps/cartservice patched (no change)
deployment.apps/redis-cart patched
deployment.apps/productcatalogservice patched (no change)
deployment.apps/currencyservice patched (no change)
deployment.apps/emailservice patched
deployment.apps/shippingservice patched (no change)
deployment.apps/recommendationservice patched (no change)
deployment.apps/adservice patched (no change)
Waiting for deployment "frontend" rollout to finish: 0 of 1 updated replicas are available...
deployment "frontend" successfully rolled out
Waiting for deployment "checkoutservice" rollout to finish: 1 old replicas are pending termination...
Waiting for deployment "checkoutservice" rollout to finish: 1 old replicas are pending termination...
Waiting for deployment "checkoutservice" rollout to finish: 1 old replicas are pending termination...
deployment "checkoutservice" successfully rolled out
Waiting for deployment "cartservice" rollout to finish: 0 of 1 updated replicas are available...
deployment "cartservice" successfully rolled out
deployment "redis-cart" successfully rolled out
deployment "productcatalogservice" successfully rolled out
deployment "currencyservice" successfully rolled out
deployment "emailservice" successfully rolled out
deployment "shippingservice" successfully rolled out
deployment "recommendationservice" successfully rolled out
Waiting for deployment "adservice" rollout to finish: 0 of 1 updated replicas are available...
deployment "adservice" successfully rolled out
================ CYCLE 1/3 2026-06-30T08:54:10+09:00 ================
---- 2026-06-30T08:54:10+09:00 ウォームアップ (負荷 3m, users 80 rate 1) ----
job.batch/loadgenerator created
serviceaccount/loadgenerator unchanged
  2026-06-30T08:54:16+09:00 loadgen pod=loadgenerator-4cpwb main開始=2026-06-29T23:54:13Z
  2026-06-30T08:57:14+09:00 負荷完了(試行 35)
  ウォームアップ完了(捨て)
---- 2026-06-30T08:57:15+09:00 アイドル基線(温まったアイドル: ドレイン 30s + 窓 2m) ----
  2026-06-30T08:59:45+09:00 base: softirq=0.006222222222221931 system=0.2290000000000014 app=0.014529085929813659 node=0.9035555555555498 cores
---- 2026-06-30T08:59:45+09:00 本計測 (負荷 5m, users 80 rate 1) ----
job.batch/loadgenerator created
serviceaccount/loadgenerator unchanged
  2026-06-30T08:59:51+09:00 loadgen pod=loadgenerator-p8mq6 main開始=2026-06-29T23:59:48Z
  2026-06-30T09:04:51+09:00 負荷完了(試行 58)
  2026-06-30T09:04:51+09:00 CPU: softirq=0.26614814814814824 system=0.886407407407408 app=2.9524475020891487 node=4.010148148148152 cores
  -> 記録: 1,outpy,62416,0,28,99,490,49.88280655473009,208.45080240981247,0.26614814814814824,0.006222222222221931,0.886407407407408,0.2290000000000014,2.9524475020891487,0.014529085929813659,4.010148148148152,0.9035555555555498,1.247,3.154,14.094,14.903
================ CYCLE 2/3 2026-06-30T09:04:52+09:00 ================
---- 2026-06-30T09:04:52+09:00 ウォームアップ (負荷 3m, users 80 rate 1) ----
job.batch/loadgenerator created
serviceaccount/loadgenerator unchanged
  2026-06-30T09:05:04+09:00 loadgen pod=loadgenerator-qzrsc main開始=2026-06-30T00:05:01Z
  2026-06-30T09:08:03+09:00 負荷完了(試行 35)
  ウォームアップ完了(捨て)
---- 2026-06-30T09:08:03+09:00 アイドル基線(温まったアイドル: ドレイン 30s + 窓 2m) ----
  2026-06-30T09:10:33+09:00 base: softirq=0.005666666666667512 system=0.1922222222222198 app=0.017569582408331313 node=0.6388888888888928 cores
---- 2026-06-30T09:10:33+09:00 本計測 (負荷 5m, users 80 rate 1) ----
job.batch/loadgenerator created
serviceaccount/loadgenerator unchanged
  2026-06-30T09:10:39+09:00 loadgen pod=loadgenerator-6kh8g main開始=2026-06-30T00:10:36Z
  2026-06-30T09:15:39+09:00 負荷完了(試行 58)
  2026-06-30T09:15:39+09:00 CPU: softirq=0.23500000000000007 system=0.8456296296296303 app=2.6033184379479692 node=3.9209259259259284 cores
  -> 記録: 2,outpy,62359,0,53,170,640,78.8063063588099,208.33047119957553,0.23500000000000007,0.005666666666667512,0.8456296296296303,0.1922222222222198,2.6033184379479692,0.017569582408331313,3.9209259259259284,0.6388888888888928,1.101,3.136,12.412,15.754
================ CYCLE 3/3 2026-06-30T09:15:40+09:00 ================
---- 2026-06-30T09:15:40+09:00 ウォームアップ (負荷 3m, users 80 rate 1) ----
job.batch/loadgenerator created
serviceaccount/loadgenerator unchanged
  2026-06-30T09:15:52+09:00 loadgen pod=loadgenerator-hc55p main開始=2026-06-30T00:15:49Z
  2026-06-30T09:18:50+09:00 負荷完了(試行 35)
  ウォームアップ完了(捨て)
---- 2026-06-30T09:18:50+09:00 アイドル基線(温まったアイドル: ドレイン 30s + 窓 2m) ----
  2026-06-30T09:21:21+09:00 base: softirq=0.0053333333333333765 system=0.21133333333332743 app=0.0164530443956861 node=0.70422222222222 cores
---- 2026-06-30T09:21:21+09:00 本計測 (負荷 5m, users 80 rate 1) ----
job.batch/loadgenerator created
serviceaccount/loadgenerator unchanged
  2026-06-30T09:21:27+09:00 loadgen pod=loadgenerator-hnnqx main開始=2026-06-30T00:21:24Z
  2026-06-30T09:26:27+09:00 負荷完了(試行 58)
  2026-06-30T09:26:27+09:00 CPU: softirq=0.23470370370370378 system=0.8292592592592581 app=2.648314549606924 node=3.807444444444449 cores
  -> 記録: 3,outpy,61952,0,41,120,680,68.12147969990833,206.99438606174988,0.23470370370370378,0.0053333333333333765,0.8292592592592581,0.21133333333332743,2.648314549606924,0.0164530443956861,3.807444444444449,0.70422222222222,1.108,2.985,12.715,14.992
================ OUTPY DONE 2026-06-30T09:26:58+09:00 ================
cycle  arm    reqcount  fails  p50_ms  p90_ms  p99_ms  avg_ms             rps                 softirq_cores        base_softirq           system_cores        base_system          app_cores           base_app              node_cores          base_node           softirq_mc_per_req  system_mc_per_req  app_mc_per_req  node_mc_per_req
1      outpy  62416     0      28      99      490     49.88280655473009  208.45080240981247  0.26614814814814824  0.006222222222221931   0.886407407407408   0.2290000000000014   2.9524475020891487  0.014529085929813659  4.010148148148152   0.9035555555555498  1.247               3.154              14.094          14.903
2      outpy  62359     0      53      170     640     78.8063063588099   208.33047119957553  0.23500000000000007  0.005666666666667512   0.8456296296296303  0.1922222222222198   2.6033184379479692  0.017569582408331313  3.9209259259259284  0.6388888888888928  1.101               3.136              12.412          15.754
3      outpy  61952     0      41      120     680     68.12147969990833  206.99438606174988  0.23470370370370378  0.0053333333333333765  0.8292592592592581  0.21133333333332743  2.648314549606924   0.0164530443956861    3.807444444444449   0.70422222222222    1.108               2.985              12.715          14.992
