================ PAYMAIL START 2026-06-30T03:57:07+09:00 ns=exp users=80 rate=40 warmup=2m measure=3m ================
---- 既存トポロジを全削除 ----
---- deploy PAYMAIL (email+payment 同居・Istio無し) ----
deployment.apps/adservice created
service/adservice created
serviceaccount/adservice created
deployment.apps/cartservice created
service/cartservice created
serviceaccount/cartservice created
deployment.apps/redis-cart created
service/redis-cart created
deployment.apps/checkoutservice created
service/checkoutservice created
serviceaccount/checkoutservice created
deployment.apps/currencyservice created
service/currencyservice created
serviceaccount/currencyservice created
deployment.apps/frontend created
service/frontend created
service/frontend-external created
serviceaccount/frontend created
deployment.apps/paymentservice created
service/paymentservice created
serviceaccount/paymentservice created
deployment.apps/productcatalogservice created
service/productcatalogservice created
serviceaccount/productcatalogservice created
deployment.apps/recommendationservice created
service/recommendationservice created
serviceaccount/recommendationservice created
deployment.apps/shippingservice created
service/shippingservice created
serviceaccount/shippingservice created
deployment.apps/frontend patched (no change)
deployment.apps/checkoutservice patched
deployment.apps/cartservice patched (no change)
deployment.apps/redis-cart patched (no change)
deployment.apps/productcatalogservice patched (no change)
deployment.apps/currencyservice patched (no change)
deployment.apps/paymentservice patched (no change)
deployment.apps/shippingservice patched (no change)
deployment.apps/recommendationservice patched (no change)
deployment.apps/adservice patched (no change)
Waiting for deployment "frontend" rollout to finish: 0 of 1 updated replicas are available...
deployment "frontend" successfully rolled out
deployment "checkoutservice" successfully rolled out
Waiting for deployment "cartservice" rollout to finish: 0 of 1 updated replicas are available...
deployment "cartservice" successfully rolled out
deployment "redis-cart" successfully rolled out
deployment "productcatalogservice" successfully rolled out
deployment "currencyservice" successfully rolled out
Waiting for deployment "paymentservice" rollout to finish: 0 of 1 updated replicas are available...
deployment "paymentservice" successfully rolled out
deployment "shippingservice" successfully rolled out
deployment "recommendationservice" successfully rolled out
Waiting for deployment "adservice" rollout to finish: 0 of 1 updated replicas are available...
deployment "adservice" successfully rolled out
---- 2026-06-30T03:57:59+09:00 ウォームアップ (負荷 2m, users 80 rate 40) ----
job.batch/loadgenerator created
serviceaccount/loadgenerator unchanged
  2026-06-30T03:58:10+09:00 loadgen pod=loadgenerator-ps998 main開始=2026-06-29T18:58:04Z
