================ BUNDLE-VS-LOSS2 START 2026-09-01T02:18:59+09:00 arms=[frontcatalog] rates=[200 250] cycles=3 HPA=70%/1-8台 warm=180s meas=240s sample=15s 様子見=増30s/減60s 開始1台 rightsize=1 limit_x=0 ================
################ CYCLE 1 / 3 2026-09-01T02:19:04+09:00 ################
---- deploy frontcatalog (HPA 70% コンテナ別, 1-8台, 枠は変更しない) ----
  枠を適正化テーブルで置換: /home/mizuki/ダウンロード/msa/km2/experiments/summer2026/rightsize-requests.csv
  枠(req/上限lim): adservice=server:69m/500m, cartservice=server:361m/960m, checkoutservice=checkout:321m/1200m, currencyservice=server:523m/1600m, emailservice=email:119m/300m, frontend=server:1077m/1600m,productcatalog:662m/1, paymentservice=payment:84m/300m, recommendationservice=server:742m/1600m, redis-cart=redis:50m/500m, shippingservice=server:133m/560m, 
  deploy: adservice=1/1 cartservice=1/1 checkoutservice=1/1 currencyservice=1/1 emailservice=1/1 frontend=1/1 paymentservice=1/1 recommendationservice=1/1 redis-cart=1/1 shippingservice=1/1 
==== [cyc1][frontcatalog] target=200周/秒 2026-09-01T02:20:00+09:00 ====
  -> 捌けた=200.0/200 drop=87 p50=9 p99=624 | 動作中の枠=9.25コア(Pending分 0.00) Pod=24(Pending 0) 効率=21.6周/コア softirq=2.29
     種類別p50: 商品7 / カート8 / 購入11 ms | k6 0.29コア | TCP再送 0/s | 絞り[frontend/server=25%;emailservice/email=4%;frontend/productcatalog=2%]
     台数: adservice:2 cartservice:3 checkoutservice:3 currencyservice:2 emailservice:3 frontend:2 paymentservice:3 recommendationservice:2 redis-cart:1 shippingservice:3
==== [cyc1][frontcatalog] target=250周/秒 2026-09-01T02:27:42+09:00 ====
  -> 捌けた=250.0/250 drop=829 p50=13 p99=570 | 動作中の枠=12.32コア(Pending分 0.00) Pod=28(Pending 0) 効率=20.3周/コア softirq=2.40
     種類別p50: 商品10 / カート11 / 購入16 ms | k6 0.35コア | TCP再送 0/s | 絞り[emailservice/email=30%;frontend/server=5%;frontend/server=4%;frontend/server=3%;adservice/server=2%]
     台数: adservice:3 cartservice:3 checkoutservice:3 currencyservice:3 emailservice:3 frontend:3 paymentservice:3 recommendationservice:3 redis-cart:1 shippingservice:3
################ CYCLE 2 / 3 2026-09-01T02:35:26+09:00 ################
---- deploy frontcatalog (HPA 70% コンテナ別, 1-8台, 枠は変更しない) ----
  枠を適正化テーブルで置換: /home/mizuki/ダウンロード/msa/km2/experiments/summer2026/rightsize-requests.csv
  枠(req/上限lim): adservice=server:69m/500m, cartservice=server:361m/960m, checkoutservice=checkout:321m/1200m, currencyservice=server:523m/1600m, emailservice=email:119m/300m, frontend=server:1077m/1600m,productcatalog:662m/1, paymentservice=payment:84m/300m, recommendationservice=server:742m/1600m, redis-cart=redis:50m/500m, shippingservice=server:133m/560m, 
  deploy: adservice=1/1 cartservice=1/1 checkoutservice=1/1 currencyservice=1/1 emailservice=1/1 frontend=1/1 paymentservice=1/1 recommendationservice=1/1 redis-cart=1/1 shippingservice=1/1 
==== [cyc2][frontcatalog] target=200周/秒 2026-09-01T02:36:21+09:00 ====
  -> 捌けた=200.0/200 drop=79 p50=10 p99=686 | 動作中の枠=8.80コア(Pending分 0.00) Pod=22(Pending 0) 効率=22.7周/コア softirq=2.21
     種類別p50: 商品7 / カート8 / 購入11 ms | k6 0.29コア | TCP再送 0/s | 絞り[frontend/server=32%;cartservice/server=7%;emailservice/email=3%;frontend/productcatalog=1%;cartservice/server=1%]
     台数: adservice:2 cartservice:3 checkoutservice:2 currencyservice:2 emailservice:3 frontend:2 paymentservice:3 recommendationservice:2 redis-cart:1 shippingservice:2
==== [cyc2][frontcatalog] target=250周/秒 2026-09-01T02:44:03+09:00 ====
  -> 捌けた=249.6/250 drop=1209 p50=14 p99=3121 | 動作中の枠=12.32コア(Pending分 0.00) Pod=28(Pending 0) 効率=20.3周/コア softirq=2.31
     種類別p50: 商品11 / カート13 / 購入19 ms | k6 0.36コア | TCP再送 0/s | 絞り[emailservice/email=30%;adservice/server=28%;frontend/server=9%;frontend/server=3%;frontend/server=3%]
     台数: adservice:3 cartservice:3 checkoutservice:3 currencyservice:3 emailservice:3 frontend:3 paymentservice:3 recommendationservice:3 redis-cart:1 shippingservice:3
################ CYCLE 3 / 3 2026-09-01T02:51:47+09:00 ################
---- deploy frontcatalog (HPA 70% コンテナ別, 1-8台, 枠は変更しない) ----
  枠を適正化テーブルで置換: /home/mizuki/ダウンロード/msa/km2/experiments/summer2026/rightsize-requests.csv
  枠(req/上限lim): adservice=server:69m/500m, cartservice=server:361m/960m, checkoutservice=checkout:321m/1200m, currencyservice=server:523m/1600m, emailservice=email:119m/300m, frontend=server:1077m/1600m,productcatalog:662m/1, paymentservice=payment:84m/300m, recommendationservice=server:742m/1600m, redis-cart=redis:50m/500m, shippingservice=server:133m/560m, 
  deploy: adservice=1/1 cartservice=1/1 checkoutservice=1/1 currencyservice=1/1 emailservice=1/1 frontend=1/1 paymentservice=1/1 recommendationservice=1/1 redis-cart=1/1 shippingservice=1/1 
==== [cyc3][frontcatalog] target=200周/秒 2026-09-01T02:52:42+09:00 ====
  -> 捌けた=200.0/200 drop=5 p50=236 p99=1091 | 動作中の枠=8.35コア(Pending分 0.00) Pod=20(Pending 0) 効率=23.9周/コア softirq=1.86
     種類別p50: 商品227 / カート237 / 購入256 ms | k6 0.28コア | TCP再送 0/s | 絞り[frontend/server=72%;paymentservice/payment=24%;emailservice/email=18%;emailservice/email=9%;cartservice/server=7%]
     台数: adservice:2 cartservice:2 checkoutservice:2 currencyservice:2 emailservice:2 frontend:2 paymentservice:2 recommendationservice:2 redis-cart:1 shippingservice:2
==== [cyc3][frontcatalog] target=250周/秒 2026-09-01T03:00:25+09:00 ====
  -> 捌けた=250.0/250 drop=259 p50=759 p99=1646 | 動作中の枠=12.32コア(Pending分 0.00) Pod=28(Pending 0) 効率=20.3周/コア softirq=2.30
     種類別p50: 商品736 / カート724 / 購入823 ms | k6 0.38コア | TCP再送 0/s | 絞り[emailservice/email=30%;frontend/server=5%;frontend/server=4%;paymentservice/payment=4%]
     台数: adservice:3 cartservice:3 checkoutservice:3 currencyservice:3 emailservice:3 frontend:3 paymentservice:3 recommendationservice:3 redis-cart:1 shippingservice:3
================ BUNDLE-VS-LOSS2 DONE 2026-09-01T03:08:08+09:00 ================
