================ K6-SWEEP START 2026-07-15T15:42:18+09:00 arms=[bundle] rates=[200] reps=4 warm=15s meas=45s ================
---- deploy bundle (固定4台, req=150m, HPA無し) ----
  adservice=4/4 cartservice=4/4 checkoutservice=4/4 currencyservice=4/4 emailservice=4/4 frontend=4/4 paymentservice=4/4 redis-cart=1/1 shippingservice=4/4 
==== [bundle] target=200周/秒 2026-07-15T15:43:52+09:00 ====
Traceback (most recent call last):
  File "<stdin>", line 3, in <module>
  File "/usr/lib/python3.12/json/__init__.py", line 293, in load
    return loads(fp.read(),
           ^^^^^^^^^^^^^^^^
  File "/usr/lib/python3.12/json/__init__.py", line 346, in loads
    return _default_decoder.decode(s)
           ^^^^^^^^^^^^^^^^^^^^^^^^^^
  File "/usr/lib/python3.12/json/decoder.py", line 337, in decode
    obj, end = self.raw_decode(s, idx=_w(s, 0).end())
               ^^^^^^^^^^^^^^^^^^^^^^^^^^^^^^^^^^^^^^
  File "/usr/lib/python3.12/json/decoder.py", line 355, in raw_decode
    raise JSONDecodeError("Expecting value", s, err.value) from None
json.decoder.JSONDecodeError: Expecting value: line 1 column 1 (char 0)
================ K6-SWEEP DONE 2026-07-15T15:45:20+09:00 ================
arm  target_rate  iter_rate  rps  dropped  failed_rate  p50  p90  p99  avg  node_cores  hot
================ K6-SWEEP START 2026-07-16T21:39:40+09:00 arms=[bundle] rates=[200] reps=4 warm=15s meas=45s ================
---- deploy bundle (固定4台, req=150m, HPA無し) ----
  adservice=4/4 cartservice=4/4 checkoutservice=4/4 currencyservice=4/4 emailservice=4/4 frontend=4/4 paymentservice=4/4 redis-cart=1/1 shippingservice=4/4 
==== [bundle] target=200周/秒 2026-07-16T21:41:11+09:00 ====
Traceback (most recent call last):
  File "<stdin>", line 3, in <module>
  File "/usr/lib/python3.12/json/__init__.py", line 293, in load
    return loads(fp.read(),
           ^^^^^^^^^^^^^^^^
  File "/usr/lib/python3.12/json/__init__.py", line 346, in loads
    return _default_decoder.decode(s)
           ^^^^^^^^^^^^^^^^^^^^^^^^^^
  File "/usr/lib/python3.12/json/decoder.py", line 337, in decode
    obj, end = self.raw_decode(s, idx=_w(s, 0).end())
               ^^^^^^^^^^^^^^^^^^^^^^^^^^^^^^^^^^^^^^
  File "/usr/lib/python3.12/json/decoder.py", line 355, in raw_decode
    raise JSONDecodeError("Expecting value", s, err.value) from None
json.decoder.JSONDecodeError: Expecting value: line 1 column 1 (char 0)
================ K6-SWEEP DONE 2026-07-16T21:42:38+09:00 ================
arm  target_rate  iter_rate  rps  dropped  failed_rate  p50  p90  p99  avg  node_cores  hot
================ K6-SWEEP START 2026-07-16T21:44:02+09:00 arms=[bundle] rates=[200] reps=4 warm=15s meas=45s ================
---- deploy bundle (固定4台, req=150m, HPA無し) ----
  adservice=4/4 cartservice=4/4 checkoutservice=4/4 currencyservice=4/4 emailservice=4/4 frontend=4/4 paymentservice=4/4 redis-cart=1/1 shippingservice=4/4 
==== [bundle] target=200周/秒 2026-07-16T21:45:32+09:00 ====
  -> iter_rate=200/200 dropped=0 p50=8 p99=702 failed=0.000 node=7.8
     hot=[currencyservice=249%;currencyservice=238%;checkoutservice=236%;cartservice=182%;frontend=180%]
================ K6-SWEEP DONE 2026-07-16T21:46:59+09:00 ================
arm     target_rate  iter_rate  rps    dropped  failed_rate  p50  p90    p99    avg   node_cores  hot
bundle  200          200.0      600.1  0        0            8.2  116.1  702.4  43.1  7.8         currencyservice=249%;currencyservice=238%;
