================ REPLICA-COUNT-SWEEP START 2026-07-14T03:34:45+09:00 arms=[normal f3perc] reps=[4 3 2 1] u=480 ================
>>>> 2026-07-14T03:34:45+09:00 arm=normal replicas=4 <<<<
normal,4,480,1015.1694484414875,350,730,1200,0,13.583466666666673
>>>> 2026-07-14T03:42:40+09:00 arm=normal replicas=3 <<<<
normal,3,480,688.1475366539983,690,780,1300,0,8.527666666666732
>>>> 2026-07-14T03:50:33+09:00 arm=normal replicas=2 <<<<
normal,2,480,929.7971922348547,210,1300,1800,0,10.66786666666669
>>>> 2026-07-14T03:57:53+09:00 arm=normal replicas=1 <<<<
normal,1,480,680.5794675342291,690,880,1200,0,6.542133333333359
>>>> 2026-07-14T04:05:10+09:00 arm=f3perc replicas=4 <<<<
f3perc,4,480,1100.9405506449798,320,580,1100,0,13.781866666666696
>>>> 2026-07-14T04:13:06+09:00 arm=f3perc replicas=3 <<<<
f3perc,3,480,1111.7500627528516,350,580,1200,0,13.341666666666665
>>>> 2026-07-14T04:20:58+09:00 arm=f3perc replicas=2 <<<<
f3perc,2,480,935.2457521305973,220,1300,1800,0,10.83913333333332
>>>> 2026-07-14T04:28:16+09:00 arm=f3perc replicas=1 <<<<
f3perc,1,480,640.4891616565604,700,1000,1400,0,5.99639999999999
================ DONE 2026-07-14T04:35:32+09:00 ================
arm     replicas  users  rps                 p50  p90   p99   fails  node_cores
normal  4         480    1015.1694484414875  350  730   1200  0      13.583466666666673
normal  3         480    688.1475366539983   690  780   1300  0      8.527666666666732
normal  2         480    929.7971922348547   210  1300  1800  0      10.66786666666669
normal  1         480    680.5794675342291   690  880   1200  0      6.542133333333359
f3perc  4         480    1100.9405506449798  320  580   1100  0      13.781866666666696
f3perc  3         480    1111.7500627528516  350  580   1200  0      13.341666666666665
f3perc  2         480    935.2457521305973   220  1300  1800  0      10.83913333333332
f3perc  1         480    640.4891616565604   700  1000  1400  0      5.99639999999999
