================ BUNDLE-VS-LOSS2 START 2026-10-07T07:40:48+09:00 arms=[frontrecocatalog mega] rates=[200 300] cycles=1 HPA=70%/1-8台 warm=90s meas=120s browse=0周/s sample=15s 様子見=増30s/減60s 開始4台 rightsize=0 limit_x=0 grpc_lb=1 ================
################ CYCLE 1 / 1 2026-10-07T07:40:48+09:00 ################
---- deploy frontrecocatalog (HPA無し・4台固定, 枠 req=150m一律/limits据置) ----
  枠(requests)を一律 150m に(limits は据え置き。redis-cart は除く)
  gRPC 負荷分散: round_robin + headless Service (引き直し 30s)
  gRPC負荷分散: checkoutservice (checkout+img)
  gRPC負荷分散: frontend (server+img, recommendation+img)
  枠(req/上限lim): adservice=server:150m/500m, cartservice=server:150m/960m, checkoutservice=checkout:150m/1200m, currencyservice=server:150m/1600m, emailservice=email:150m/300m, frontend=server:150m/1600m,recommendation:150m/1600m,productcatalog:150m/1, paymentservice=payment:150m/300m, redis-cart=redis:300m/500m, shippingservice=server:150m/560m, 
  HPAは作らない(4台固定)
  deploy: adservice=4/4 cartservice=4/4 checkoutservice=4/4 currencyservice=4/4 emailservice=4/4 frontend=4/4 paymentservice=4/4 redis-cart=1/1 shippingservice=4/4 
==== [cyc1][frontrecocatalog] 購入=200周/秒 閲覧=0周/秒 2026-10-07T07:42:44+09:00 ====
  -> 捌けた=200.0/200 取りこぼし(窓)=0 (全体0) p50=9 p99=807 | 動作中の枠=6.30コア(Pending分 0.00) Pod=33(Pending 0) | CPU時間=983秒(うちsoftirq 59秒 / k6 35秒)
     種類別p50: 商品7 / カート8 / 購入11 ms
     確保したCPU: 756.0 コア秒(窓平均 6.300 コア, 8 サンプル) / 使ったCPU: 983 コア秒
     台数: adservice:4 cartservice:4 checkoutservice:4 currencyservice:4 emailservice:4 frontend:4 paymentservice:4 redis-cart:1 shippingservice:4
==== [cyc1][frontrecocatalog] 購入=300周/秒 閲覧=0周/秒 2026-10-07T07:46:44+09:00 ====
  -> 捌けた=300.0/300 取りこぼし(窓)=0 (全体0) p50=43 p99=728 | 動作中の枠=6.30コア(Pending分 0.00) Pod=33(Pending 0) | CPU時間=1562秒(うちsoftirq 94秒 / k6 52秒)
     種類別p50: 商品32 / カート41 / 購入55 ms
     確保したCPU: 756.0 コア秒(窓平均 6.300 コア, 8 サンプル) / 使ったCPU: 1562 コア秒
     台数: adservice:4 cartservice:4 checkoutservice:4 currencyservice:4 emailservice:4 frontend:4 paymentservice:4 redis-cart:1 shippingservice:4
---- deploy mega (HPA無し・4台固定, 枠 req=150m一律/limits据置) ----
  枠(requests)を一律 150m に(limits は据え置き。redis-cart は除く)
  gRPC 負荷分散: round_robin + headless Service (引き直し 30s)
  gRPC負荷分散: megapod (frontend+img, checkout+img, recommendationservice+img)
  枠(req/上限lim): megapod=frontend:150m/1600m,checkout:150m/1200m,cartservice:150m/960m,productcatalogservice:150m/1,currencyservice:150m/1600m,paymentservice:150m/300m,shippingservice:150m/560m,emailservice:150m/300m,recommendationservice:150m/1600m,adservice:150m/500m, redis-cart=redis:300m/500m, 
  HPAは作らない(4台固定)
  deploy: megapod=4/4 redis-cart=1/1 
==== [cyc1][mega] 購入=200周/秒 閲覧=0周/秒 2026-10-07T07:52:12+09:00 ====
  -> 捌けた=200.0/200 取りこぼし(窓)=0 (全体0) p50=8 p99=521 | 動作中の枠=6.30コア(Pending分 0.00) Pod=5(Pending 0) | CPU時間=855秒(うちsoftirq 37秒 / k6 37秒)
     種類別p50: 商品6 / カート7 / 購入10 ms
     確保したCPU: 756.0 コア秒(窓平均 6.300 コア, 8 サンプル) / 使ったCPU: 855 コア秒
     台数: megapod:4 redis-cart:1
==== [cyc1][mega] 購入=300周/秒 閲覧=0周/秒 2026-10-07T07:56:12+09:00 ====
  -> 捌けた=300.0/300 取りこぼし(窓)=0 (全体0) p50=16 p99=578 | 動作中の枠=6.30コア(Pending分 0.00) Pod=5(Pending 0) | CPU時間=1414秒(うちsoftirq 62秒 / k6 59秒)
     種類別p50: 商品14 / カート15 / 購入20 ms
     確保したCPU: 756.0 コア秒(窓平均 6.300 コア, 8 サンプル) / 使ったCPU: 1414 コア秒
     台数: megapod:4 redis-cart:1
================ BUNDLE-VS-LOSS2 DONE 2026-10-07T08:00:13+09:00 ================
